<html>
<body>
<pre>
<h1>µVision Build Log</h1>
<h2>Tool Versions:</h2>
IDE-Version: ¦ÌVision V5.35.0.0
Copyright (C) 2021 ARM Ltd and ARM Germany GmbH. All rights reserved.
License Information: 1 1, 1, LIC=TA39H-W9D3D-069QU-SGPFL-LK2DG-12B7V
 
Tool Versions:
Toolchain:       MDK-ARM Professional  Version: 5.35.0.2
Toolchain Path:  C:\Keil_v5\ARM\ARMCC\Bin
C Compiler:      Armcc.exe V5.06 update 7 (build 960)
Assembler:       Armasm.exe V5.06 update 7 (build 960)
Linker/Locator:  ArmLink.exe V5.06 update 7 (build 960)
Library Manager: ArmAr.exe V5.06 update 7 (build 960)
Hex Converter:   FromElf.exe V5.06 update 7 (build 960)
CPU DLL:         SARMCM3.DLL V5.35.0.2
Dialog DLL:      DCM.DLL V1.17.3.0
Target DLL:      Segger\JL2CM3.dll V2.99.40.0
Dialog DLL:      TCM.DLL V1.53.0.0
 
<h2>Project:</h2>
C:\Users\zhangmingdong\Desktop\hqyj_note\STM32F407\project\USER.uvprojx
Project File Date:  04/27/2024

<h2>Output:</h2>
*** Using Compiler 'V5.06 update 7 (build 960)', folder: 'C:\Keil_v5\ARM\ARMCC\Bin'
Build target 'project'
compiling oledmenu.c...
HARDWARE\OLED\oledmenu.c(135): warning:  #223-D: function "delay_ms" declared implicitly
          delay_ms(40);
HARDWARE\OLED\oledmenu.c(139): warning:  #223-D: function "delay_ms" declared implicitly
          delay_ms(40);
HARDWARE\OLED\oledmenu.c(148): warning:  #223-D: function "delay_ms" declared implicitly
          delay_ms(40);
HARDWARE\OLED\oledmenu.c(174): warning:  #223-D: function "delay_ms" declared implicitly
  		delay_ms(40);
HARDWARE\OLED\oledmenu.c(181): warning:  #223-D: function "delay_ms" declared implicitly
          delay_ms(40);
HARDWARE\OLED\oledmenu.c(188): warning:  #223-D: function "delay_ms" declared implicitly
          delay_ms(40);
HARDWARE\OLED\oledmenu.c(210): warning:  #223-D: function "delay_ms" declared implicitly
  		 delay_ms(100);
HARDWARE\OLED\oledmenu.c(255): warning:  #223-D: function "delay_ms" declared implicitly
  		 delay_ms(100);
HARDWARE\OLED\oledmenu.c(313): warning:  #223-D: function "delay_ms" declared implicitly
          delay_ms(40);
HARDWARE\OLED\oledmenu.c: 9 warnings, 0 errors
compiling main.c...
linking...
Program Size: Code=10356 RO-data=9296 RW-data=124 ZI-data=39812  
FromELF: creating hex file...
".\Objects\USER.axf" - 0 Error(s), 9 Warning(s).

<h2>Software Packages used:</h2>

Package Vendor: ARM
                http://www.keil.com/pack/ARM.CMSIS.5.0.1.pack
                ARM.CMSIS.5.0.1
                CMSIS (Cortex Microcontroller Software Interface Standard)
   * Component: CORE Version: 5.0.1

Package Vendor: Keil
                http://www.keil.com/pack/Keil.STM32F4xx_DFP.1.0.8.pack
                Keil.STM32F4xx_DFP.1.0.8
                STMicroelectronics STM32F4 Series Device Support, Drivers and Examples
   * Component: Startup Version: 1.3.1
   * Component: Framework Version: 1.3.1
   * Component: GPIO Version: 1.3.0
   * Component: RCC Version: 1.3.0
   * Component: TIM Version: 1.3.0
   * Component: USART Version: 1.3.0

<h2>Collection of Component include folders:</h2>
  .\RTE\Device\STM32F407VE
  .\RTE\_project
  C:\Users\zhangmingdong\AppData\Local\Arm\Packs\ARM\CMSIS\5.0.1\CMSIS\Include
  C:\Users\zhangmingdong\AppData\Local\Arm\Packs\Keil\STM32F4xx_DFP\1.0.8\Device\Include
  C:\Users\zhangmingdong\AppData\Local\Arm\Packs\Keil\STM32F4xx_DFP\1.0.8\Device\StdPeriph_Driver\inc

<h2>Collection of Component Files used:</h2>

   * Component: ARM::CMSIS:CORE:5.0.1

   * Component: Keil::Device:Startup:1.3.1
      Include file:  Device\Include\stm32f4xx.h
      Source file:   Device\Source\ARM\STM32F40xxx_41xxx_OPT.s
      Source file:   Device\Source\ARM\STM32F4xx_OTP.s
      Include file:  RTE_Driver\Config\RTE_Device.h
      Source file:   Device\Source\system_stm32f4xx.c
      Source file:   Device\Source\ARM\startup_stm32f40_41xxx.s

   * Component: Keil::Device:StdPeriph Drivers:Framework:1.3.1
      Include file:  Device\StdPeriph_Driver\templates\stm32f4xx_it.h
      Source file:   Device\StdPeriph_Driver\templates\stm32f4xx_conf.h
      Source file:   Device\StdPeriph_Driver\src\misc.c
      Source file:   Device\StdPeriph_Driver\templates\stm32f4xx_it.c

   * Component: Keil::Device:StdPeriph Drivers:GPIO:1.3.0
      Include file:  Device\StdPeriph_Driver\inc\stm32f4xx_gpio.h
      Source file:   Device\StdPeriph_Driver\src\stm32f4xx_gpio.c

   * Component: Keil::Device:StdPeriph Drivers:RCC:1.3.0
      Include file:  Device\StdPeriph_Driver\inc\stm32f4xx_rcc.h
      Source file:   Device\StdPeriph_Driver\src\stm32f4xx_rcc.c

   * Component: Keil::Device:StdPeriph Drivers:TIM:1.3.0
      Include file:  Device\StdPeriph_Driver\inc\stm32f4xx_tim.h
      Source file:   Device\StdPeriph_Driver\src\stm32f4xx_tim.c

   * Component: Keil::Device:StdPeriph Drivers:USART:1.3.0
      Source file:   Device\StdPeriph_Driver\src\stm32f4xx_usart.c
      Include file:  Device\StdPeriph_Driver\inc\stm32f4xx_usart.h
Build Time Elapsed:  00:00:01
</pre>
</body>
</html>
