Component: ARM Compiler 5.06 update 7 (build 960) Tool: armlink [4d3601]

==============================================================================

Section Cross References

    main.o(i.EEPROM_Read_Device) refers to at24c02.o(i.AT24C02_Read) for AT24C02_Read
    main.o(i.EEPROM_Read_Device) refers to oled.o(i.OLED_ShowChineseString) for OLED_ShowChineseString
    main.o(i.EEPROM_Read_Device) refers to oled.o(i.OLED_Refresh) for OLED_Refresh
    main.o(i.EEPROM_Save_Device) refers to at24c02.o(i.AT24C02_Write) for AT24C02_Write
    main.o(i.TaskHandle_OLED) refers to tasks.o(i.xTaskGetTickCount) for xTaskGetTickCount
    main.o(i.TaskHandle_OLED) refers to tasks.o(i.vTaskDelayUntil) for vTaskDelayUntil
    main.o(i.TaskHandle_OLED) refers to oledmenu.o(i.OLED_page_main) for OLED_page_main
    main.o(i.TaskHandle_OLED) refers to oledmenu.o(i.OLED_page_wifi) for OLED_page_wifi
    main.o(i.TaskHandle_OLED) refers to oledmenu.o(i.OLED_page_pwm) for OLED_page_pwm
    main.o(i.TaskHandle_OLED) refers to oledmenu.o(i.OLED_page_led) for OLED_page_led
    main.o(i.TaskHandle_OLED) refers to oledmenu.o(i.OLED_page_Per) for OLED_page_Per
    main.o(i.TaskHandle_OLED) refers to oledmenu.o(.data) for oled_page
    main.o(i.TaskHandle_PHOT) refers to tasks.o(i.xTaskGetTickCount) for xTaskGetTickCount
    main.o(i.TaskHandle_PHOT) refers to tasks.o(i.vTaskDelayUntil) for vTaskDelayUntil
    main.o(i.TaskHandle_START) refers to port.o(i.vPortEnterCritical) for vPortEnterCritical
    main.o(i.TaskHandle_START) refers to tasks.o(i.xTaskCreate) for xTaskCreate
    main.o(i.TaskHandle_START) refers to tasks.o(i.vTaskDelete) for vTaskDelete
    main.o(i.TaskHandle_START) refers to port.o(i.vPortExitCritical) for vPortExitCritical
    main.o(i.TaskHandle_START) refers to main.o(i.TaskHandle_OLED) for TaskHandle_OLED
    main.o(i.TaskHandle_START) refers to main.o(i.TaskHandle_WIFI) for TaskHandle_WIFI
    main.o(i.TaskHandle_START) refers to main.o(i.TaskHandle_THSE) for TaskHandle_THSE
    main.o(i.TaskHandle_START) refers to main.o(i.TaskHandle_PHOT) for TaskHandle_PHOT
    main.o(i.TaskHandle_START) refers to main.o(.data) for StartTask_Handler
    main.o(i.TaskHandle_THSE) refers to tasks.o(i.xTaskGetTickCount) for xTaskGetTickCount
    main.o(i.TaskHandle_THSE) refers to tasks.o(i.vTaskDelay) for vTaskDelay
    main.o(i.TaskHandle_THSE) refers to stm32f4xx_tim.o(i.TIM_SetCompare1) for TIM_SetCompare1
    main.o(i.TaskHandle_THSE) refers to oledmenu.o(.data) for LED1_stat
    main.o(i.TaskHandle_WIFI) refers to tasks.o(i.xTaskGetTickCount) for xTaskGetTickCount
    main.o(i.TaskHandle_WIFI) refers to tasks.o(i.vTaskDelayUntil) for vTaskDelayUntil
    main.o(i.TaskHandle_door) refers to tasks.o(i.xTaskGetTickCount) for xTaskGetTickCount
    main.o(i.TaskHandle_door) refers to tasks.o(i.vTaskDelayUntil) for vTaskDelayUntil
    main.o(i.main) refers to misc.o(i.NVIC_PriorityGroupConfig) for NVIC_PriorityGroupConfig
    main.o(i.main) refers to led.o(i.LED_Init) for LED_Init
    main.o(i.main) refers to delay.o(i.TIM7_Init) for TIM7_Init
    main.o(i.main) refers to beep.o(i.BEEP_Init) for BEEP_Init
    main.o(i.main) refers to uart.o(i.uart1_init) for uart1_init
    main.o(i.main) refers to dht11.o(i.DHT11_Init) for DHT11_Init
    main.o(i.main) refers to key.o(i.KEY_Init) for KEY_Init
    main.o(i.main) refers to iic.o(i.IIC_Init) for IIC_Init
    main.o(i.main) refers to oled.o(i.OLED_Init) for OLED_Init
    main.o(i.main) refers to wifi.o(i.uart2_init) for uart2_init
    main.o(i.main) refers to wifi.o(i.wifi_init) for wifi_init
    main.o(i.main) refers to wifi.o(i.TCP_Init) for TCP_Init
    main.o(i.main) refers to oledmenu.o(i.OLED_page_show) for OLED_page_show
    main.o(i.main) refers to tasks.o(i.xTaskCreate) for xTaskCreate
    main.o(i.main) refers to tasks.o(i.vTaskStartScheduler) for vTaskStartScheduler
    main.o(i.main) refers to oledmenu.o(.data) for oled_page
    main.o(i.main) refers to main.o(.data) for StartTask_Handler
    main.o(i.main) refers to main.o(i.TaskHandle_START) for TaskHandle_START
    led.o(i.LED_Init) refers to stm32f4xx_rcc.o(i.RCC_AHB1PeriphClockCmd) for RCC_AHB1PeriphClockCmd
    led.o(i.LED_Init) refers to stm32f4xx_gpio.o(i.GPIO_Init) for GPIO_Init
    uart.o(i.USART1_IRQHandler) refers to stm32f4xx_usart.o(i.USART_GetITStatus) for USART_GetITStatus
    uart.o(i.USART1_IRQHandler) refers to stm32f4xx_usart.o(i.USART_ReceiveData) for USART_ReceiveData
    uart.o(i.USART1_IRQHandler) refers to stm32f4xx_usart.o(i.USART_SendData) for USART_SendData
    uart.o(i.USART1_IRQHandler) refers to uart.o(.data) for ret
    uart.o(i.uart1_init) refers to stm32f4xx_rcc.o(i.RCC_AHB1PeriphClockCmd) for RCC_AHB1PeriphClockCmd
    uart.o(i.uart1_init) refers to stm32f4xx_rcc.o(i.RCC_APB2PeriphClockCmd) for RCC_APB2PeriphClockCmd
    uart.o(i.uart1_init) refers to stm32f4xx_gpio.o(i.GPIO_PinAFConfig) for GPIO_PinAFConfig
[...]
    Removing stm32f4xx_rcc.o(i.RCC_AHB2PeriphClockCmd), (32 bytes).
    Removing stm32f4xx_rcc.o(i.RCC_AHB2PeriphClockLPModeCmd), (32 bytes).
    Removing stm32f4xx_rcc.o(i.RCC_AHB2PeriphResetCmd), (32 bytes).
    Removing stm32f4xx_rcc.o(i.RCC_AHB3PeriphClockCmd), (32 bytes).
    Removing stm32f4xx_rcc.o(i.RCC_AHB3PeriphClockLPModeCmd), (32 bytes).
    Removing stm32f4xx_rcc.o(i.RCC_AHB3PeriphResetCmd), (32 bytes).
    Removing stm32f4xx_rcc.o(i.RCC_APB1PeriphClockLPModeCmd), (32 bytes).
    Removing stm32f4xx_rcc.o(i.RCC_APB1PeriphResetCmd), (32 bytes).
    Removing stm32f4xx_rcc.o(i.RCC_APB2PeriphClockLPModeCmd), (32 bytes).
    Removing stm32f4xx_rcc.o(i.RCC_APB2PeriphResetCmd), (32 bytes).
    Removing stm32f4xx_rcc.o(i.RCC_AdjustHSICalibrationValue), (24 bytes).
    Removing stm32f4xx_rcc.o(i.RCC_BackupResetCmd), (12 bytes).
    Removing stm32f4xx_rcc.o(i.RCC_ClearFlag), (20 bytes).
    Removing stm32f4xx_rcc.o(i.RCC_ClearITPendingBit), (12 bytes).
    Removing stm32f4xx_rcc.o(i.RCC_ClockSecuritySystemCmd), (12 bytes).
    Removing stm32f4xx_rcc.o(i.RCC_DeInit), (100 bytes).
    Removing stm32f4xx_rcc.o(i.RCC_GetFlagStatus), (64 bytes).
    Removing stm32f4xx_rcc.o(i.RCC_GetITStatus), (24 bytes).
    Removing stm32f4xx_rcc.o(i.RCC_GetSYSCLKSource), (16 bytes).
    Removing stm32f4xx_rcc.o(i.RCC_HCLKConfig), (24 bytes).
    Removing stm32f4xx_rcc.o(i.RCC_HSEConfig), (16 bytes).
    Removing stm32f4xx_rcc.o(i.RCC_HSICmd), (12 bytes).
    Removing stm32f4xx_rcc.o(i.RCC_I2SCLKConfig), (12 bytes).
    Removing stm32f4xx_rcc.o(i.RCC_ITConfig), (32 bytes).
    Removing stm32f4xx_rcc.o(i.RCC_LSEConfig), (44 bytes).
    Removing stm32f4xx_rcc.o(i.RCC_LSICmd), (12 bytes).
    Removing stm32f4xx_rcc.o(i.RCC_LTDCCLKDivConfig), (24 bytes).
    Removing stm32f4xx_rcc.o(i.RCC_MCO1Config), (28 bytes).
    Removing stm32f4xx_rcc.o(i.RCC_MCO2Config), (28 bytes).
    Removing stm32f4xx_rcc.o(i.RCC_PCLK1Config), (24 bytes).
    Removing stm32f4xx_rcc.o(i.RCC_PCLK2Config), (24 bytes).
    Removing stm32f4xx_rcc.o(i.RCC_PLLCmd), (12 bytes).
    Removing stm32f4xx_rcc.o(i.RCC_PLLConfig), (36 bytes).
    Removing stm32f4xx_rcc.o(i.RCC_PLLI2SCmd), (12 bytes).
    Removing stm32f4xx_rcc.o(i.RCC_PLLI2SConfig), (16 bytes).
    Removing stm32f4xx_rcc.o(i.RCC_PLLSAICmd), (12 bytes).
    Removing stm32f4xx_rcc.o(i.RCC_PLLSAIConfig), (24 bytes).
    Removing stm32f4xx_rcc.o(i.RCC_RTCCLKCmd), (12 bytes).
    Removing stm32f4xx_rcc.o(i.RCC_RTCCLKConfig), (60 bytes).
    Removing stm32f4xx_rcc.o(i.RCC_SAIBlockACLKConfig), (24 bytes).
    Removing stm32f4xx_rcc.o(i.RCC_SAIBlockBCLKConfig), (24 bytes).
    Removing stm32f4xx_rcc.o(i.RCC_SAIPLLI2SClkDivConfig), (28 bytes).
    Removing stm32f4xx_rcc.o(i.RCC_SAIPLLSAIClkDivConfig), (28 bytes).
    Removing stm32f4xx_rcc.o(i.RCC_SYSCLKConfig), (24 bytes).
    Removing stm32f4xx_rcc.o(i.RCC_TIMCLKPresConfig), (12 bytes).
    Removing stm32f4xx_rcc.o(i.RCC_WaitForHSEStartUp), (56 bytes).
    Removing stm32f4xx_tim.o(.rev16_text), (4 bytes).
    Removing stm32f4xx_tim.o(.revsh_text), (4 bytes).
    Removing stm32f4xx_tim.o(.rrx_text), (6 bytes).
    Removing stm32f4xx_tim.o(i.TI1_Config), (58 bytes).
    Removing stm32f4xx_tim.o(i.TI2_Config), (80 bytes).
    Removing stm32f4xx_tim.o(i.TI3_Config), (72 bytes).
    Removing stm32f4xx_tim.o(i.TI4_Config), (80 bytes).
    Removing stm32f4xx_tim.o(i.TIM_ARRPreloadConfig), (24 bytes).
    Removing stm32f4xx_tim.o(i.TIM_BDTRConfig), (32 bytes).
    Removing stm32f4xx_tim.o(i.TIM_BDTRStructInit), (18 bytes).
    Removing stm32f4xx_tim.o(i.TIM_CCPreloadControl), (24 bytes).
    Removing stm32f4xx_tim.o(i.TIM_CCxCmd), (30 bytes).
    Removing stm32f4xx_tim.o(i.TIM_CCxNCmd), (30 bytes).
    Removing stm32f4xx_tim.o(i.TIM_ClearFlag), (6 bytes).
    Removing stm32f4xx_tim.o(i.TIM_ClearITPendingBit), (6 bytes).
    Removing stm32f4xx_tim.o(i.TIM_ClearOC1Ref), (18 bytes).
    Removing stm32f4xx_tim.o(i.TIM_ClearOC2Ref), (24 bytes).
    Removing stm32f4xx_tim.o(i.TIM_ClearOC3Ref), (18 bytes).
    Removing stm32f4xx_tim.o(i.TIM_ClearOC4Ref), (24 bytes).
    Removing stm32f4xx_tim.o(i.TIM_CounterModeConfig), (18 bytes).
    Removing stm32f4xx_tim.o(i.TIM_CtrlPWMOutputs), (30 bytes).
    Removing stm32f4xx_tim.o(i.TIM_DMACmd), (18 bytes).
    Removing stm32f4xx_tim.o(i.TIM_DMAConfig), (10 bytes).
    Removing stm32f4xx_tim.o(i.TIM_DeInit), (400 bytes).
    Removing stm32f4xx_tim.o(i.TIM_ETRClockMode1Config), (54 bytes).
    Removing stm32f4xx_tim.o(i.TIM_ETRClockMode2Config), (32 bytes).
    Removing stm32f4xx_tim.o(i.TIM_ETRConfig), (28 bytes).
    Removing stm32f4xx_tim.o(i.TIM_EncoderInterfaceConfig), (66 bytes).
    Removing stm32f4xx_tim.o(i.TIM_ForcedOC1Config), (18 bytes).
    Removing stm32f4xx_tim.o(i.TIM_ForcedOC2Config), (26 bytes).
    Removing stm32f4xx_tim.o(i.TIM_ForcedOC3Config), (18 bytes).
    Removing stm32f4xx_tim.o(i.TIM_ForcedOC4Config), (26 bytes).
    Removing stm32f4xx_tim.o(i.TIM_GenerateEvent), (4 bytes).
    Removing stm32f4xx_tim.o(i.TIM_GetCapture1), (6 bytes).
    Removing stm32f4xx_tim.o(i.TIM_GetCapture3), (6 bytes).
    Removing stm32f4xx_tim.o(i.TIM_GetCapture4), (6 bytes).
    Removing stm32f4xx_tim.o(i.TIM_GetCounter), (6 bytes).
    Removing stm32f4xx_tim.o(i.TIM_GetFlagStatus), (18 bytes).
    Removing stm32f4xx_tim.o(i.TIM_GetITStatus), (34 bytes).
    Removing stm32f4xx_tim.o(i.TIM_GetPrescaler), (6 bytes).
    Removing stm32f4xx_tim.o(i.TIM_ICInit), (110 bytes).
    Removing stm32f4xx_tim.o(i.TIM_ICStructInit), (18 bytes).
    Removing stm32f4xx_tim.o(i.TIM_ITConfig), (18 bytes).
    Removing stm32f4xx_tim.o(i.TIM_ITRxExternalClockConfig), (24 bytes).
    Removing stm32f4xx_tim.o(i.TIM_InternalClockConfig), (12 bytes).
    Removing stm32f4xx_tim.o(i.TIM_OC1FastConfig), (18 bytes).
    Removing stm32f4xx_tim.o(i.TIM_OC1Init), (124 bytes).
    Removing stm32f4xx_tim.o(i.TIM_OC1NPolarityConfig), (18 bytes).
    Removing stm32f4xx_tim.o(i.TIM_OC1PolarityConfig), (18 bytes).
    Removing stm32f4xx_tim.o(i.TIM_OC1PreloadConfig), (18 bytes).
    Removing stm32f4xx_tim.o(i.TIM_OC2FastConfig), (26 bytes).
    Removing stm32f4xx_tim.o(i.TIM_OC2Init), (164 bytes).
    Removing stm32f4xx_tim.o(i.TIM_OC2NPolarityConfig), (26 bytes).
    Removing stm32f4xx_tim.o(i.TIM_OC2PolarityConfig), (26 bytes).
    Removing stm32f4xx_tim.o(i.TIM_OC2PreloadConfig), (26 bytes).
    Removing stm32f4xx_tim.o(i.TIM_OC3FastConfig), (18 bytes).
    Removing stm32f4xx_tim.o(i.TIM_OC3Init), (160 bytes).
    Removing stm32f4xx_tim.o(i.TIM_OC3NPolarityConfig), (26 bytes).
    Removing stm32f4xx_tim.o(i.TIM_OC3PolarityConfig), (26 bytes).
    Removing stm32f4xx_tim.o(i.TIM_OC3PreloadConfig), (18 bytes).
    Removing stm32f4xx_tim.o(i.TIM_OC4FastConfig), (26 bytes).
    Removing stm32f4xx_tim.o(i.TIM_OC4Init), (120 bytes).
    Removing stm32f4xx_tim.o(i.TIM_OC4PolarityConfig), (26 bytes).
    Removing stm32f4xx_tim.o(i.TIM_OC4PreloadConfig), (26 bytes).
    Removing stm32f4xx_tim.o(i.TIM_OCStructInit), (20 bytes).
    Removing stm32f4xx_tim.o(i.TIM_PWMIConfig), (124 bytes).
    Removing stm32f4xx_tim.o(i.TIM_PrescalerConfig), (6 bytes).
    Removing stm32f4xx_tim.o(i.TIM_RemapConfig), (6 bytes).
    Removing stm32f4xx_tim.o(i.TIM_SelectCCDMA), (24 bytes).
    Removing stm32f4xx_tim.o(i.TIM_SelectCOM), (24 bytes).
    Removing stm32f4xx_tim.o(i.TIM_SelectHallSensor), (24 bytes).
    Removing stm32f4xx_tim.o(i.TIM_SelectInputTrigger), (18 bytes).
    Removing stm32f4xx_tim.o(i.TIM_SelectMasterSlaveMode), (18 bytes).
    Removing stm32f4xx_tim.o(i.TIM_SelectOCxM), (86 bytes).
    Removing stm32f4xx_tim.o(i.TIM_SelectOnePulseMode), (18 bytes).
    Removing stm32f4xx_tim.o(i.TIM_SelectOutputTrigger), (18 bytes).
    Removing stm32f4xx_tim.o(i.TIM_SelectSlaveMode), (18 bytes).
    Removing stm32f4xx_tim.o(i.TIM_SetAutoreload), (4 bytes).
    Removing stm32f4xx_tim.o(i.TIM_SetClockDivision), (18 bytes).
    Removing stm32f4xx_tim.o(i.TIM_SetCompare3), (4 bytes).
    Removing stm32f4xx_tim.o(i.TIM_SetCompare4), (4 bytes).
    Removing stm32f4xx_tim.o(i.TIM_SetCounter), (4 bytes).
    Removing stm32f4xx_tim.o(i.TIM_SetIC1Prescaler), (18 bytes).
    Removing stm32f4xx_tim.o(i.TIM_SetIC2Prescaler), (26 bytes).
    Removing stm32f4xx_tim.o(i.TIM_SetIC3Prescaler), (18 bytes).
    Removing stm32f4xx_tim.o(i.TIM_SetIC4Prescaler), (26 bytes).
    Removing stm32f4xx_tim.o(i.TIM_TIxExternalClockConfig), (62 bytes).
    Removing stm32f4xx_tim.o(i.TIM_TimeBaseStructInit), (18 bytes).
    Removing stm32f4xx_tim.o(i.TIM_UpdateDisableConfig), (24 bytes).
    Removing stm32f4xx_tim.o(i.TIM_UpdateRequestConfig), (24 bytes).
    Removing stm32f4xx_usart.o(.rev16_text), (4 bytes).
    Removing stm32f4xx_usart.o(.revsh_text), (4 bytes).
    Removing stm32f4xx_usart.o(.rrx_text), (6 bytes).
    Removing stm32f4xx_usart.o(i.USART_ClearFlag), (18 bytes).
    Removing stm32f4xx_usart.o(i.USART_ClockInit), (32 bytes).
    Removing stm32f4xx_usart.o(i.USART_ClockStructInit), (12 bytes).
    Removing stm32f4xx_usart.o(i.USART_DMACmd), (18 bytes).
    Removing stm32f4xx_usart.o(i.USART_DeInit), (240 bytes).
    Removing stm32f4xx_usart.o(i.USART_GetFlagStatus), (26 bytes).
    Removing stm32f4xx_usart.o(i.USART_HalfDuplexCmd), (24 bytes).
    Removing stm32f4xx_usart.o(i.USART_IrDACmd), (24 bytes).
    Removing stm32f4xx_usart.o(i.USART_IrDAConfig), (18 bytes).
    Removing stm32f4xx_usart.o(i.USART_LINBreakDetectLengthConfig), (18 bytes).
    Removing stm32f4xx_usart.o(i.USART_LINCmd), (24 bytes).
    Removing stm32f4xx_usart.o(i.USART_OneBitMethodCmd), (24 bytes).
    Removing stm32f4xx_usart.o(i.USART_OverSampling8Cmd), (22 bytes).
    Removing stm32f4xx_usart.o(i.USART_ReceiverWakeUpCmd), (24 bytes).
    Removing stm32f4xx_usart.o(i.USART_SendBreak), (10 bytes).
    Removing stm32f4xx_usart.o(i.USART_SetAddress), (18 bytes).
    Removing stm32f4xx_usart.o(i.USART_SetGuardTime), (16 bytes).
    Removing stm32f4xx_usart.o(i.USART_SetPrescaler), (16 bytes).
    Removing stm32f4xx_usart.o(i.USART_SmartCardCmd), (24 bytes).
    Removing stm32f4xx_usart.o(i.USART_SmartCardNACKCmd), (24 bytes).
    Removing stm32f4xx_usart.o(i.USART_StructInit), (24 bytes).
    Removing stm32f4xx_usart.o(i.USART_WakeUpConfig), (18 bytes).
    Removing startup_stm32f40_41xxx.o(HEAP), (512 bytes).
    Removing system_stm32f4xx.o(.rev16_text), (4 bytes).
    Removing system_stm32f4xx.o(.revsh_text), (4 bytes).
    Removing system_stm32f4xx.o(.rrx_text), (6 bytes).
    Removing system_stm32f4xx.o(i.SystemCoreClockUpdate), (192 bytes).
    Removing system_stm32f4xx.o(.data), (20 bytes).
    Removing dadd.o(.text), (334 bytes).
    Removing dmul.o(.text), (228 bytes).
    Removing dfltui.o(.text), (26 bytes).
    Removing depilogue.o(.text), (186 bytes).
    Removing ddiv.o(.text), (222 bytes).
    Removing dfixul.o(.text), (48 bytes).
    Removing cdrcmple.o(.text), (48 bytes).

329 unused section(s) (total 15641 bytes) removed from the image.

==============================================================================

Image Symbol Table

    Local Symbols

    Symbol Name                              Value     Ov Type        Size  Object(Section)

    ../clib/microlib/division.c              0x00000000   Number         0  uidiv.o ABSOLUTE
    ../clib/microlib/division.c              0x00000000   Number         0  uldiv.o ABSOLUTE
    ../clib/microlib/init/entry.s            0x00000000   Number         0  entry12a.o ABSOLUTE
    ../clib/microlib/init/entry.s            0x00000000   Number         0  entry5.o ABSOLUTE
    ../clib/microlib/init/entry.s            0x00000000   Number         0  entry10b.o ABSOLUTE
    ../clib/microlib/init/entry.s            0x00000000   Number         0  entry11a.o ABSOLUTE
    ../clib/microlib/init/entry.s            0x00000000   Number         0  entry11b.o ABSOLUTE
    ../clib/microlib/init/entry.s            0x00000000   Number         0  entry7b.o ABSOLUTE
    ../clib/microlib/init/entry.s            0x00000000   Number         0  entry12b.o ABSOLUTE
    ../clib/microlib/init/entry.s            0x00000000   Number         0  entry2.o ABSOLUTE
    ../clib/microlib/init/entry.s            0x00000000   Number         0  entry.o ABSOLUTE
    ../clib/microlib/init/entry.s            0x00000000   Number         0  entry9a.o ABSOLUTE
    ../clib/microlib/init/entry.s            0x00000000   Number         0  entry10a.o ABSOLUTE
    ../clib/microlib/init/entry.s            0x00000000   Number         0  entry9b.o ABSOLUTE
    ../clib/microlib/init/entry.s            0x00000000   Number         0  entry7a.o ABSOLUTE
    ../clib/microlib/init/entry.s            0x00000000   Number         0  entry8b.o ABSOLUTE
    ../clib/microlib/init/entry.s            0x00000000   Number         0  entry8a.o ABSOLUTE
    ../clib/microlib/longlong.c              0x00000000   Number         0  llshl.o ABSOLUTE
    ../clib/microlib/longlong.c              0x00000000   Number         0  llsshr.o ABSOLUTE
    ../clib/microlib/longlong.c              0x00000000   Number         0  llushr.o ABSOLUTE
    ../clib/microlib/printf/printf.c         0x00000000   Number         0  printf7.o ABSOLUTE
    ../clib/microlib/printf/printf.c         0x00000000   Number         0  printf8.o ABSOLUTE
    ../clib/microlib/printf/printf.c         0x00000000   Number         0  printfa.o ABSOLUTE
    ../clib/microlib/printf/printf.c         0x00000000   Number         0  printf1.o ABSOLUTE
    ../clib/microlib/printf/printf.c         0x00000000   Number         0  printfb.o ABSOLUTE
    ../clib/microlib/printf/printf.c         0x00000000   Number         0  printf0.o ABSOLUTE
    ../clib/microlib/printf/printf.c         0x00000000   Number         0  printf2.o ABSOLUTE
    ../clib/microlib/printf/printf.c         0x00000000   Number         0  printf3.o ABSOLUTE
    ../clib/microlib/printf/printf.c         0x00000000   Number         0  printf4.o ABSOLUTE
    ../clib/microlib/printf/printf.c         0x00000000   Number         0  printf5.o ABSOLUTE
    ../clib/microlib/printf/printf.c         0x00000000   Number         0  printf6.o ABSOLUTE
    ../clib/microlib/printf/stubs.s          0x00000000   Number         0  stubs.o ABSOLUTE
    ../clib/microlib/stdio/streams.c         0x00000000   Number         0  stdout.o ABSOLUTE
    ../clib/microlib/string/memcpy.c         0x00000000   Number         0  memcpyb.o ABSOLUTE
    ../clib/microlib/string/memcpy.c         0x00000000   Number         0  memcpya.o ABSOLUTE
    ../clib/microlib/string/memset.c         0x00000000   Number         0  memseta.o ABSOLUTE
    ../clib/microlib/string/strlen.c         0x00000000   Number         0  strlen.o ABSOLUTE
    ../clib/microlib/string/strstr.c         0x00000000   Number         0  strstr.o ABSOLUTE
    ../clib/microlib/stubs.s                 0x00000000   Number         0  iusefp.o ABSOLUTE
    ../fplib/microlib/fpadd.c                0x00000000   Number         0  dadd.o ABSOLUTE
    ../fplib/microlib/fpdiv.c                0x00000000   Number         0  ddiv.o ABSOLUTE
    ../fplib/microlib/fpepilogue.c           0x00000000   Number         0  depilogue.o ABSOLUTE
    ../fplib/microlib/fpfix.c                0x00000000   Number         0  dfixul.o ABSOLUTE
    ../fplib/microlib/fpflt.c                0x00000000   Number         0  dfltui.o ABSOLUTE
    ../fplib/microlib/fpmul.c                0x00000000   Number         0  dmul.o ABSOLUTE
    C:\Users\zhangmingdong\AppData\Local\Arm\Packs\Keil\STM32F4xx_DFP\1.0.8\Device\StdPeriph_Driver\src\misc.c 0x00000000   Number         0  misc.o ABSOLUTE
    C:\Users\zhangmingdong\AppData\Local\Arm\Packs\Keil\STM32F4xx_DFP\1.0.8\Device\StdPeriph_Driver\src\stm32f4xx_gpio.c 0x00000000   Number         0  stm32f4xx_gpio.o ABSOLUTE
    C:\Users\zhangmingdong\AppData\Local\Arm\Packs\Keil\STM32F4xx_DFP\1.0.8\Device\StdPeriph_Driver\src\stm32f4xx_rcc.c 0x00000000   Number         0  stm32f4xx_rcc.o ABSOLUTE
    C:\Users\zhangmingdong\AppData\Local\Arm\Packs\Keil\STM32F4xx_DFP\1.0.8\Device\StdPeriph_Driver\src\stm32f4xx_tim.c 0x00000000   Number         0  stm32f4xx_tim.o ABSOLUTE
    C:\Users\zhangmingdong\AppData\Local\Arm\Packs\Keil\STM32F4xx_DFP\1.0.8\Device\StdPeriph_Driver\src\stm32f4xx_usart.c 0x00000000   Number         0  stm32f4xx_usart.o ABSOLUTE
    C:\\Users\\zhangmingdong\\AppData\\Local\\Arm\\Packs\\Keil\\STM32F4xx_DFP\\1.0.8\\Device\\StdPeriph_Driver\\src\\misc.c 0x00000000   Number         0  misc.o ABSOLUTE
    C:\\Users\\zhangmingdong\\AppData\\Local\\Arm\\Packs\\Keil\\STM32F4xx_DFP\\1.0.8\\Device\\StdPeriph_Driver\\src\\stm32f4xx_gpio.c 0x00000000   Number         0  stm32f4xx_gpio.o ABSOLUTE
    C:\\Users\\zhangmingdong\\AppData\\Local\\Arm\\Packs\\Keil\\STM32F4xx_DFP\\1.0.8\\Device\\StdPeriph_Driver\\src\\stm32f4xx_rcc.c 0x00000000   Number         0  stm32f4xx_rcc.o ABSOLUTE
    C:\\Users\\zhangmingdong\\AppData\\Local\\Arm\\Packs\\Keil\\STM32F4xx_DFP\\1.0.8\\Device\\StdPeriph_Driver\\src\\stm32f4xx_tim.c 0x00000000   Number         0  stm32f4xx_tim.o ABSOLUTE
    C:\\Users\\zhangmingdong\\AppData\\Local\\Arm\\Packs\\Keil\\STM32F4xx_DFP\\1.0.8\\Device\\StdPeriph_Driver\\src\\stm32f4xx_usart.c 0x00000000   Number         0  stm32f4xx_usart.o ABSOLUTE
    FreeRTOS\\port\\port.c                   0x00000000   Number         0  port.o ABSOLUTE
    FreeRTOS\port\heap_4.c                   0x00000000   Number         0  heap_4.o ABSOLUTE
    FreeRTOS\port\port.c                     0x00000000   Number         0  port.o ABSOLUTE
    FreeRTOS\source\croutine.c               0x00000000   Number         0  croutine.o ABSOLUTE
    FreeRTOS\source\event_groups.c           0x00000000   Number         0  event_groups.o ABSOLUTE
    FreeRTOS\source\list.c                   0x00000000   Number         0  list.o ABSOLUTE
    FreeRTOS\source\queue.c                  0x00000000   Number         0  queue.o ABSOLUTE
    FreeRTOS\source\tasks.c                  0x00000000   Number         0  tasks.o ABSOLUTE
    FreeRTOS\source\timers.c                 0x00000000   Number         0  timers.o ABSOLUTE
    HARDWARE\BEEP\beep.c                     0x00000000   Number         0  beep.o ABSOLUTE
    HARDWARE\EEPROM\at24c02.c                0x00000000   Number         0  at24c02.o ABSOLUTE
    HARDWARE\KEY\key.c                       0x00000000   Number         0  key.o ABSOLUTE
    HARDWARE\LED\led.c                       0x00000000   Number         0  led.o ABSOLUTE
    HARDWARE\OLED\oled.c                     0x00000000   Number         0  oled.o ABSOLUTE
    HARDWARE\OLED\oledmenu.c                 0x00000000   Number         0  oledmenu.o ABSOLUTE
    HARDWARE\PWM\pwm.c                       0x00000000   Number         0  pwm.o ABSOLUTE
    HARDWARE\UART\uart.c                     0x00000000   Number         0  uart.o ABSOLUTE
    HARDWARE\WIFI\wifi.c                     0x00000000   Number         0  wifi.o ABSOLUTE
    HARDWARE\\BEEP\\beep.c                   0x00000000   Number         0  beep.o ABSOLUTE
    HARDWARE\\EEPROM\\at24c02.c              0x00000000   Number         0  at24c02.o ABSOLUTE
    HARDWARE\\KEY\\key.c                     0x00000000   Number         0  key.o ABSOLUTE
    HARDWARE\\LED\\led.c                     0x00000000   Number         0  led.o ABSOLUTE
    HARDWARE\\OLED\\oled.c                   0x00000000   Number         0  oled.o ABSOLUTE
    HARDWARE\\OLED\\oledmenu.c               0x00000000   Number         0  oledmenu.o ABSOLUTE
    HARDWARE\\PWM\\pwm.c                     0x00000000   Number         0  pwm.o ABSOLUTE
    HARDWARE\\UART\\uart.c                   0x00000000   Number         0  uart.o ABSOLUTE
    HARDWARE\\WIFI\\wifi.c                   0x00000000   Number         0  wifi.o ABSOLUTE
    HARDWARE\\dht11\\dht11.c                 0x00000000   Number         0  dht11.o ABSOLUTE
    HARDWARE\\iic\\iic.c                     0x00000000   Number         0  iic.o ABSOLUTE
    HARDWARE\dht11\dht11.c                   0x00000000   Number         0  dht11.o ABSOLUTE
    HARDWARE\iic\iic.c                       0x00000000   Number         0  iic.o ABSOLUTE
    RTE\Device\STM32F407VE\startup_stm32f40_41xxx.s 0x00000000   Number         0  startup_stm32f40_41xxx.o ABSOLUTE
    RTE\Device\STM32F407VE\system_stm32f4xx.c 0x00000000   Number         0  system_stm32f4xx.o ABSOLUTE
    RTE\\Device\\STM32F407VE\\system_stm32f4xx.c 0x00000000   Number         0  system_stm32f4xx.o ABSOLUTE
    SYSTEM\\delay\\delay.c                   0x00000000   Number         0  delay.o ABSOLUTE
    SYSTEM\delay\delay.c                     0x00000000   Number         0  delay.o ABSOLUTE
    SYSTEM\ringbuffer\ringbuffer.c           0x00000000   Number         0  ringbuffer.o ABSOLUTE
    USER\\main.c                             0x00000000   Number         0  main.o ABSOLUTE
    USER\main.c                              0x00000000   Number         0  main.o ABSOLUTE
    cdrcmple.s                               0x00000000   Number         0  cdrcmple.o ABSOLUTE
    dc.s                                     0x00000000   Number         0  dc.o ABSOLUTE
    handlers.s                               0x00000000   Number         0  handlers.o ABSOLUTE
    init.s                                   0x00000000   Number         0  init.o ABSOLUTE
    RESET                                    0x08000000   Section      392  startup_stm32f40_41xxx.o(RESET)
    .ARM.Collect$$$$00000000                 0x08000188   Section        0  entry.o(.ARM.Collect$$$$00000000)
    .ARM.Collect$$$$00000001                 0x08000188   Section        4  entry2.o(.ARM.Collect$$$$00000001)
    .ARM.Collect$$$$00000004                 0x0800018c   Section        4  entry5.o(.ARM.Collect$$$$00000004)
    .ARM.Collect$$$$00000008                 0x08000190   Section        0  entry7b.o(.ARM.Collect$$$$00000008)
    .ARM.Collect$$$$0000000A                 0x08000190   Section        0  entry8b.o(.ARM.Collect$$$$0000000A)
    .ARM.Collect$$$$0000000B                 0x08000190   Section        8  entry9a.o(.ARM.Collect$$$$0000000B)
    .ARM.Collect$$$$0000000E                 0x08000198   Section        4  entry12b.o(.ARM.Collect$$$$0000000E)
    .ARM.Collect$$$$0000000F                 0x0800019c   Section        0  entry10a.o(.ARM.Collect$$$$0000000F)
    .ARM.Collect$$$$00000011                 0x0800019c   Section        0  entry11a.o(.ARM.Collect$$$$00000011)
    .ARM.Collect$$$$00002712                 0x0800019c   Section        4  entry2.o(.ARM.Collect$$$$00002712)
    __lit__00000000                          0x0800019c   Data           4  entry2.o(.ARM.Collect$$$$00002712)
    .emb_text                                0x080001a0   Section      182  port.o(.emb_text)
    $v0                                      0x080001a0   Number         0  port.o(.emb_text)
    .text                                    0x08000258   Section       36  startup_stm32f40_41xxx.o(.text)
    $v0                                      0x08000258   Number         0  startup_stm32f40_41xxx.o(.text)
    .text                                    0x0800027c   Section        0  memseta.o(.text)
    .text                                    0x080002a0   Section        0  strstr.o(.text)
    .text                                    0x080002c4   Section        0  strlen.o(.text)
    .text                                    0x080002d4   Section       36  init.o(.text)
    i.BEEP_Init                              0x080002f8   Section        0  beep.o(i.BEEP_Init)
    i.DHT11_Init                             0x08000338   Section        0  dht11.o(i.DHT11_Init)
    i.GPIO_Init                              0x0800036c   Section        0  stm32f4xx_gpio.o(i.GPIO_Init)
    i.GPIO_PinAFConfig                       0x080003fc   Section        0  stm32f4xx_gpio.o(i.GPIO_PinAFConfig)
    i.GPIO_ResetBits                         0x08000442   Section        0  stm32f4xx_gpio.o(i.GPIO_ResetBits)
    i.GetChinese                             0x08000448   Section        0  oled.o(i.GetChinese)
    i.IIC_Ack                                0x0800048c   Section        0  iic.o(i.IIC_Ack)
    i.IIC_Delay                              0x080004c8   Section        0  iic.o(i.IIC_Delay)
    i.IIC_Init                               0x080004d4   Section        0  iic.o(i.IIC_Init)
    i.IIC_Send_Byte                          0x08000518   Section        0  iic.o(i.IIC_Send_Byte)
    i.IIC_Start                              0x08000568   Section        0  iic.o(i.IIC_Start)
    i.IIC_Stop                               0x080005ac   Section        0  iic.o(i.IIC_Stop)
    i.KEY_Init                               0x080005e8   Section        0  key.o(i.KEY_Init)
    i.LED_Init                               0x08000638   Section        0  led.o(i.LED_Init)
    i.NVIC_Init                              0x08000684   Section        0  misc.o(i.NVIC_Init)
    i.NVIC_PriorityGroupConfig               0x080006fc   Section        0  misc.o(i.NVIC_PriorityGroupConfig)
    i.OLED_Clear                             0x08000710   Section        0  oled.o(i.OLED_Clear)
    i.OLED_DrawPoint                         0x08000740   Section        0  oled.o(i.OLED_DrawPoint)
    i.OLED_Init                              0x080007b8   Section        0  oled.o(i.OLED_Init)
    i.OLED_KEY                               0x080008a0   Section        0  oledmenu.o(i.OLED_KEY)
    i.OLED_MyClear                           0x080008f0   Section        0  oled.o(i.OLED_MyClear)
    i.OLED_My_clear_choose                   0x08000918   Section        0  oled.o(i.OLED_My_clear_choose)
    i.OLED_My_clear_cinese                   0x08000948   Section        0  oled.o(i.OLED_My_clear_cinese)
    i.OLED_Refresh                           0x08000978   Section        0  oled.o(i.OLED_Refresh)
    i.OLED_ShowChar                          0x080009e0   Section        0  oled.o(i.OLED_ShowChar)
    i.OLED_ShowChinese                       0x08000b1c   Section        0  oled.o(i.OLED_ShowChinese)
    i.OLED_ShowChineseString                 0x08000c20   Section        0  oled.o(i.OLED_ShowChineseString)
    i.OLED_WR_Byte                           0x08000c86   Section        0  oled.o(i.OLED_WR_Byte)
    i.OLED_page_Per                          0x08000cc0   Section        0  oledmenu.o(i.OLED_page_Per)
    i.OLED_page_led                          0x08000ce0   Section        0  oledmenu.o(i.OLED_page_led)
    i.OLED_page_main                         0x08000e10   Section        0  oledmenu.o(i.OLED_page_main)
    i.OLED_page_main_return                  0x08000e60   Section        0  oledmenu.o(i.OLED_page_main_return)
    i.OLED_page_pwm                          0x08000e80   Section        0  oledmenu.o(i.OLED_page_pwm)
    i.OLED_page_show                         0x08000f3c   Section        0  oledmenu.o(i.OLED_page_show)
    i.OLED_page_show_led                     0x08001000   Section        0  oledmenu.o(i.OLED_page_show_led)
    i.OLED_page_show_per                     0x08001088   Section        0  oledmenu.o(i.OLED_page_show_per)
    i.OLED_page_show_pwm                     0x080010a0   Section        0  oledmenu.o(i.OLED_page_show_pwm)
    i.OLED_page_show_wifi                    0x08001128   Section        0  oledmenu.o(i.OLED_page_show_wifi)
    i.OLED_page_wifi                         0x080011b0   Section        0  oledmenu.o(i.OLED_page_wifi)
    i.RCC_AHB1PeriphClockCmd                 0x080011b8   Section        0  stm32f4xx_rcc.o(i.RCC_AHB1PeriphClockCmd)
    i.RCC_APB1PeriphClockCmd                 0x080011d8   Section        0  stm32f4xx_rcc.o(i.RCC_APB1PeriphClockCmd)
    i.RCC_APB2PeriphClockCmd                 0x080011f8   Section        0  stm32f4xx_rcc.o(i.RCC_APB2PeriphClockCmd)
    i.RCC_GetClocksFreq                      0x08001218   Section        0  stm32f4xx_rcc.o(i.RCC_GetClocksFreq)
    i.SetSysClock                            0x08001300   Section        0  system_stm32f4xx.o(i.SetSysClock)
    SetSysClock                              0x08001301   Thumb Code   220  system_stm32f4xx.o(i.SetSysClock)
    i.SysTick_Handler                        0x080013ec   Section        0  port.o(i.SysTick_Handler)
    i.SystemInit                             0x08001420   Section        0  system_stm32f4xx.o(i.SystemInit)
    i.TCP_Init                               0x08001488   Section        0  wifi.o(i.TCP_Init)
    i.TIM7_Init                              0x080014c8   Section        0  delay.o(i.TIM7_Init)
    i.TIM_Cmd                                0x08001504   Section        0  stm32f4xx_tim.o(i.TIM_Cmd)
    i.TIM_GetCapture2                        0x0800151c   Section        0  stm32f4xx_tim.o(i.TIM_GetCapture2)
    i.TIM_SetCompare1                        0x08001522   Section        0  stm32f4xx_tim.o(i.TIM_SetCompare1)
    i.TIM_SetCompare2                        0x08001526   Section        0  stm32f4xx_tim.o(i.TIM_SetCompare2)
    i.TIM_TimeBaseInit                       0x0800152c   Section        0  stm32f4xx_tim.o(i.TIM_TimeBaseInit)
    i.TaskHandle_OLED                        0x080015b0   Section        0  main.o(i.TaskHandle_OLED)
    i.TaskHandle_PHOT                        0x0800160c   Section        0  main.o(i.TaskHandle_PHOT)
    i.TaskHandle_START                       0x08001620   Section        0  main.o(i.TaskHandle_START)
    i.TaskHandle_THSE                        0x080016dc   Section        0  main.o(i.TaskHandle_THSE)
    i.TaskHandle_WIFI                        0x08001738   Section        0  main.o(i.TaskHandle_WIFI)
    i.USART1_IRQHandler                      0x08001750   Section        0  uart.o(i.USART1_IRQHandler)
    i.USART2_IRQHandler                      0x08001784   Section        0  wifi.o(i.USART2_IRQHandler)
    i.USART2_SendData                        0x080017f0   Section        0  wifi.o(i.USART2_SendData)
    i.USART_ClearITPendingBit                0x0800181c   Section        0  stm32f4xx_usart.o(i.USART_ClearITPendingBit)
    i.USART_Cmd                              0x0800183a   Section        0  stm32f4xx_usart.o(i.USART_Cmd)
    i.USART_GetITStatus                      0x08001852   Section        0  stm32f4xx_usart.o(i.USART_GetITStatus)
    i.USART_ITConfig                         0x080018a6   Section        0  stm32f4xx_usart.o(i.USART_ITConfig)
    i.USART_Init                             0x080018f0   Section        0  stm32f4xx_usart.o(i.USART_Init)
    i.USART_ReceiveData                      0x080019c4   Section        0  stm32f4xx_usart.o(i.USART_ReceiveData)
    i.USART_SendData                         0x080019ce   Section        0  stm32f4xx_usart.o(i.USART_SendData)
    i.WIFI_Wait_OK                           0x080019d8   Section        0  wifi.o(i.WIFI_Wait_OK)
    i.__scatterload_copy                     0x08001a28   Section       14  handlers.o(i.__scatterload_copy)
    i.__scatterload_null                     0x08001a36   Section        2  handlers.o(i.__scatterload_null)
    i.__scatterload_zeroinit                 0x08001a38   Section       14  handlers.o(i.__scatterload_zeroinit)
    i.delay_ms                               0x08001a46   Section        0  delay.o(i.delay_ms)
    i.delay_us                               0x08001a60   Section        0  delay.o(i.delay_us)
    i.flag_chooes_down                       0x08001a94   Section        0  oledmenu.o(i.flag_chooes_down)
    i.flag_chooes_page                       0x08001ad8   Section        0  oledmenu.o(i.flag_chooes_page)
    i.flag_chooes_up                         0x08001b58   Section        0  oledmenu.o(i.flag_chooes_up)
    i.main                                   0x08001b98   Section        0  main.o(i.main)
    i.prvAddCurrentTaskToDelayedList         0x08001c0c   Section        0  tasks.o(i.prvAddCurrentTaskToDelayedList)
    prvAddCurrentTaskToDelayedList           0x08001c0d   Thumb Code   124  tasks.o(i.prvAddCurrentTaskToDelayedList)
    i.prvAddNewTaskToReadyList               0x08001ca4   Section        0  tasks.o(i.prvAddNewTaskToReadyList)
    prvAddNewTaskToReadyList                 0x08001ca5   Thumb Code   150  tasks.o(i.prvAddNewTaskToReadyList)
    i.prvCheckTasksWaitingTermination        0x08001d58   Section        0  tasks.o(i.prvCheckTasksWaitingTermination)
    prvCheckTasksWaitingTermination          0x08001d59   Thumb Code    86  tasks.o(i.prvCheckTasksWaitingTermination)
    i.prvDeleteTCB                           0x08001dbc   Section        0  tasks.o(i.prvDeleteTCB)
    prvDeleteTCB                             0x08001dbd   Thumb Code    18  tasks.o(i.prvDeleteTCB)
    i.prvHeapInit                            0x08001dd0   Section        0  heap_4.o(i.prvHeapInit)
    prvHeapInit                              0x08001dd1   Thumb Code    98  heap_4.o(i.prvHeapInit)
    i.prvIdleTask                            0x08001e4c   Section        0  tasks.o(i.prvIdleTask)
    prvIdleTask                              0x08001e4d   Thumb Code    32  tasks.o(i.prvIdleTask)
    i.prvInitialiseNewTask                   0x08001e74   Section        0  tasks.o(i.prvInitialiseNewTask)
    prvInitialiseNewTask                     0x08001e75   Thumb Code   128  tasks.o(i.prvInitialiseNewTask)
    i.prvInitialiseTaskLists                 0x08001ef4   Section        0  tasks.o(i.prvInitialiseTaskLists)
    prvInitialiseTaskLists                   0x08001ef5   Thumb Code    70  tasks.o(i.prvInitialiseTaskLists)
    i.prvInsertBlockIntoFreeList             0x08001f5c   Section        0  heap_4.o(i.prvInsertBlockIntoFreeList)
    prvInsertBlockIntoFreeList               0x08001f5d   Thumb Code    96  heap_4.o(i.prvInsertBlockIntoFreeList)
    i.prvResetNextTaskUnblockTime            0x08001fc4   Section        0  tasks.o(i.prvResetNextTaskUnblockTime)
    prvResetNextTaskUnblockTime              0x08001fc5   Thumb Code    42  tasks.o(i.prvResetNextTaskUnblockTime)
    i.prvTaskExitError                       0x08001ff8   Section        0  port.o(i.prvTaskExitError)
    prvTaskExitError                         0x08001ff9   Thumb Code    22  port.o(i.prvTaskExitError)
    i.pvPortMalloc                           0x08002010   Section        0  heap_4.o(i.pvPortMalloc)
    i.pwm_start1                             0x080020e0   Section        0  pwm.o(i.pwm_start1)
    i.pwm_start2                             0x080020f0   Section        0  pwm.o(i.pwm_start2)
    i.pwm_start3                             0x08002100   Section        0  pwm.o(i.pwm_start3)
    i.pwm_stop                               0x08002110   Section        0  pwm.o(i.pwm_stop)
    i.pxPortInitialiseStack                  0x08002120   Section        0  port.o(i.pxPortInitialiseStack)
    i.ring_buffer_Init                       0x0800214c   Section        0  ringbuffer.o(i.ring_buffer_Init)
    i.ring_buffer_is_empty                   0x08002156   Section        0  ringbuffer.o(i.ring_buffer_is_empty)
    i.ring_buffer_is_full                    0x08002168   Section        0  ringbuffer.o(i.ring_buffer_is_full)
    i.ring_buffer_read                       0x08002188   Section        0  ringbuffer.o(i.ring_buffer_read)
    i.ring_buffer_read_all                   0x080021b4   Section        0  ringbuffer.o(i.ring_buffer_read_all)
    i.ring_buffer_write                      0x080021e0   Section        0  ringbuffer.o(i.ring_buffer_write)
    i.uart1_init                             0x0800220c   Section        0  uart.o(i.uart1_init)
    i.uart2_init                             0x080022ac   Section        0  wifi.o(i.uart2_init)
    i.uxListRemove                           0x08002354   Section        0  list.o(i.uxListRemove)
    i.vListInitialise                        0x0800237c   Section        0  list.o(i.vListInitialise)
    i.vListInitialiseItem                    0x08002396   Section        0  list.o(i.vListInitialiseItem)
    i.vListInsert                            0x0800239c   Section        0  list.o(i.vListInsert)
    i.vListInsertEnd                         0x080023d0   Section        0  list.o(i.vListInsertEnd)
    i.vPortEnterCritical                     0x080023e8   Section        0  port.o(i.vPortEnterCritical)
    i.vPortExitCritical                      0x0800240c   Section        0  port.o(i.vPortExitCritical)
    i.vPortFree                              0x0800242c   Section        0  heap_4.o(i.vPortFree)
    i.vPortSetupTimerInterrupt               0x08002474   Section        0  port.o(i.vPortSetupTimerInterrupt)
    i.vTaskDelay                             0x08002488   Section        0  tasks.o(i.vTaskDelay)
    i.vTaskDelayUntil                        0x080024bc   Section        0  tasks.o(i.vTaskDelayUntil)
    i.vTaskDelete                            0x08002530   Section        0  tasks.o(i.vTaskDelete)
    i.vTaskStartScheduler                    0x080025fc   Section        0  tasks.o(i.vTaskStartScheduler)
    i.vTaskSuspendAll                        0x08002664   Section        0  tasks.o(i.vTaskSuspendAll)
    i.vTaskSwitchContext                     0x08002674   Section        0  tasks.o(i.vTaskSwitchContext)
    i.wifi_init                              0x080026d4   Section        0  wifi.o(i.wifi_init)
    i.wifi_sendData                          0x08002720   Section        0  wifi.o(i.wifi_sendData)
    i.xPortStartScheduler                    0x08002744   Section        0  port.o(i.xPortStartScheduler)
    i.xTaskCreate                            0x0800278c   Section        0  tasks.o(i.xTaskCreate)
    i.xTaskGetTickCount                      0x080027ec   Section        0  tasks.o(i.xTaskGetTickCount)
    i.xTaskIncrementTick                     0x080027f8   Section        0  tasks.o(i.xTaskIncrementTick)
    i.xTaskResumeAll                         0x08002914   Section        0  tasks.o(i.xTaskResumeAll)
    .constdata                               0x080029fc   Section     8871  oled.o(.constdata)
    .data                                    0x20000000   Section        4  main.o(.data)
    .data                                    0x20000004   Section        1  uart.o(.data)
    ret                                      0x20000004   Data           1  uart.o(.data)
    .data                                    0x20000005   Section        2  wifi.o(.data)
    ret                                      0x20000005   Data           1  wifi.o(.data)
    old                                      0x20000006   Data           1  wifi.o(.data)
    .data                                    0x20000008   Section       12  oledmenu.o(.data)
    .data                                    0x20000014   Section       60  tasks.o(.data)
    pxDelayedTaskList                        0x20000018   Data           4  tasks.o(.data)
    pxOverflowDelayedTaskList                0x2000001c   Data           4  tasks.o(.data)
    uxDeletedTasksWaitingCleanUp             0x20000020   Data           4  tasks.o(.data)
    uxCurrentNumberOfTasks                   0x20000024   Data           4  tasks.o(.data)
    xTickCount                               0x20000028   Data           4  tasks.o(.data)
    uxTopReadyPriority                       0x2000002c   Data           4  tasks.o(.data)
    xSchedulerRunning                        0x20000030   Data           4  tasks.o(.data)
    uxPendedTicks                            0x20000034   Data           4  tasks.o(.data)
    xYieldPending                            0x20000038   Data           4  tasks.o(.data)
    xNumOfOverflows                          0x2000003c   Data           4  tasks.o(.data)
    uxTaskNumber                             0x20000040   Data           4  tasks.o(.data)
    xNextTaskUnblockTime                     0x20000044   Data           4  tasks.o(.data)
    xIdleTaskHandle                          0x20000048   Data           4  tasks.o(.data)
    uxSchedulerSuspended                     0x2000004c   Data           4  tasks.o(.data)
    .data                                    0x20000050   Section       24  heap_4.o(.data)
    xStart                                   0x20000050   Data           8  heap_4.o(.data)
    pxEnd                                    0x20000058   Data           4  heap_4.o(.data)
    xFreeBytesRemaining                      0x2000005c   Data           4  heap_4.o(.data)
    xMinimumEverFreeBytesRemaining           0x20000060   Data           4  heap_4.o(.data)
    xBlockAllocatedBit                       0x20000064   Data           4  heap_4.o(.data)
    .data                                    0x20000068   Section        4  port.o(.data)
    uxCriticalNesting                        0x20000068   Data           4  port.o(.data)
    .data                                    0x2000006c   Section       16  stm32f4xx_rcc.o(.data)
    APBAHBPrescTable                         0x2000006c   Data          16  stm32f4xx_rcc.o(.data)
    .bss                                     0x2000007c   Section       32  wifi.o(.bss)
    .bss                                     0x2000009c   Section     1152  oled.o(.bss)
    .bss                                     0x2000051c   Section      740  tasks.o(.bss)
    pxReadyTasksLists                        0x2000051c   Data         640  tasks.o(.bss)
    xDelayedTaskList1                        0x2000079c   Data          20  tasks.o(.bss)
    xDelayedTaskList2                        0x200007b0   Data          20  tasks.o(.bss)
    xPendingReadyList                        0x200007c4   Data          20  tasks.o(.bss)
    xTasksWaitingTermination                 0x200007d8   Data          20  tasks.o(.bss)
    xSuspendedTaskList                       0x200007ec   Data          20  tasks.o(.bss)
    .bss                                     0x20000800   Section    36864  heap_4.o(.bss)
    ucHeap                                   0x20000800   Data       36864  heap_4.o(.bss)
    STACK                                    0x20009800   Section     1024  startup_stm32f40_41xxx.o(STACK)

    Global Symbols

    Symbol Name                              Value     Ov Type        Size  Object(Section)

    BuildAttributes$$THM_ISAv4$E$P$D$K$B$S$7EM$VFPi3$EXTD16$VFPS$VFMA$PE$A:L22UL41UL21$X:L11$S22US41US21$IEEE1$IW$USESV6$~STKCKD$USESV7$~SHL$OSPACE$ROPI$EBA8$MICROLIB$REQ8$PRES8$EABIv2 0x00000000   Number         0  anon$$obj.o ABSOLUTE
    __ARM_use_no_argv                        0x00000000   Number         0  main.o ABSOLUTE
    _printf_a                                0x00000000   Number         0  stubs.o ABSOLUTE
    _printf_c                                0x00000000   Number         0  stubs.o ABSOLUTE
    _printf_charcount                        0x00000000   Number         0  stubs.o ABSOLUTE
    _printf_d                                0x00000000   Number         0  stubs.o ABSOLUTE
    _printf_e                                0x00000000   Number         0  stubs.o ABSOLUTE
    _printf_f                                0x00000000   Number         0  stubs.o ABSOLUTE
    _printf_flags                            0x00000000   Number         0  stubs.o ABSOLUTE
    _printf_fp_dec                           0x00000000   Number         0  stubs.o ABSOLUTE
    _printf_fp_hex                           0x00000000   Number         0  stubs.o ABSOLUTE
    _printf_g                                0x00000000   Number         0  stubs.o ABSOLUTE
    _printf_i                                0x00000000   Number         0  stubs.o ABSOLUTE
    _printf_int_dec                          0x00000000   Number         0  stubs.o ABSOLUTE
    _printf_l                                0x00000000   Number         0  stubs.o ABSOLUTE
    _printf_lc                               0x00000000   Number         0  stubs.o ABSOLUTE
    _printf_ll                               0x00000000   Number         0  stubs.o ABSOLUTE
    _printf_lld                              0x00000000   Number         0  stubs.o ABSOLUTE
    _printf_lli                              0x00000000   Number         0  stubs.o ABSOLUTE
    _printf_llo                              0x00000000   Number         0  stubs.o ABSOLUTE
    _printf_llu                              0x00000000   Number         0  stubs.o ABSOLUTE
    _printf_llx                              0x00000000   Number         0  stubs.o ABSOLUTE
    _printf_longlong_dec                     0x00000000   Number         0  stubs.o ABSOLUTE
    _printf_longlong_hex                     0x00000000   Number         0  stubs.o ABSOLUTE
    _printf_longlong_oct                     0x00000000   Number         0  stubs.o ABSOLUTE
    _printf_ls                               0x00000000   Number         0  stubs.o ABSOLUTE
    _printf_mbtowc                           0x00000000   Number         0  stubs.o ABSOLUTE
    _printf_n                                0x00000000   Number         0  stubs.o ABSOLUTE
    _printf_o                                0x00000000   Number         0  stubs.o ABSOLUTE
    _printf_p                                0x00000000   Number         0  stubs.o ABSOLUTE
    _printf_percent                          0x00000000   Number         0  stubs.o ABSOLUTE
    _printf_pre_padding                      0x00000000   Number         0  stubs.o ABSOLUTE
    _printf_return_value                     0x00000000   Number         0  stubs.o ABSOLUTE
    _printf_s                                0x00000000   Number         0  stubs.o ABSOLUTE
    _printf_sizespec                         0x00000000   Number         0  stubs.o ABSOLUTE
    _printf_str                              0x00000000   Number         0  stubs.o ABSOLUTE
    _printf_truncate_signed                  0x00000000   Number         0  stubs.o ABSOLUTE
    _printf_truncate_unsigned                0x00000000   Number         0  stubs.o ABSOLUTE
    _printf_u                                0x00000000   Number         0  stubs.o ABSOLUTE
    _printf_wc                               0x00000000   Number         0  stubs.o ABSOLUTE
    _printf_wctomb                           0x00000000   Number         0  stubs.o ABSOLUTE
    _printf_widthprec                        0x00000000   Number         0  stubs.o ABSOLUTE
    _printf_x                                0x00000000   Number         0  stubs.o ABSOLUTE
    __arm_fini_                               - Undefined Weak Reference
    __cpp_initialize__aeabi_                  - Undefined Weak Reference
    __cxa_finalize                            - Undefined Weak Reference
    __decompress                              - Undefined Weak Reference
    _clock_init                               - Undefined Weak Reference
    _microlib_exit                            - Undefined Weak Reference
    __Vectors_Size                           0x00000188   Number         0  startup_stm32f40_41xxx.o ABSOLUTE
    __Vectors                                0x08000000   Data           4  startup_stm32f40_41xxx.o(RESET)
    __Vectors_End                            0x08000188   Data           0  startup_stm32f40_41xxx.o(RESET)
    __main                                   0x08000189   Thumb Code     0  entry.o(.ARM.Collect$$$$00000000)
    _main_stk                                0x08000189   Thumb Code     0  entry2.o(.ARM.Collect$$$$00000001)
    _main_scatterload                        0x0800018d   Thumb Code     0  entry5.o(.ARM.Collect$$$$00000004)
    __main_after_scatterload                 0x08000191   Thumb Code     0  entry5.o(.ARM.Collect$$$$00000004)
    _main_clock                              0x08000191   Thumb Code     0  entry7b.o(.ARM.Collect$$$$00000008)
    _main_cpp_init                           0x08000191   Thumb Code     0  entry8b.o(.ARM.Collect$$$$0000000A)
    _main_init                               0x08000191   Thumb Code     0  entry9a.o(.ARM.Collect$$$$0000000B)
    __rt_lib_shutdown_fini                   0x08000199   Thumb Code     0  entry12b.o(.ARM.Collect$$$$0000000E)
    __rt_final_cpp                           0x0800019d   Thumb Code     0  entry10a.o(.ARM.Collect$$$$0000000F)
    __rt_final_exit                          0x0800019d   Thumb Code     0  entry11a.o(.ARM.Collect$$$$00000011)
    SVC_Handler                              0x080001a1   Thumb Code    28  port.o(.emb_text)
    __asm___6_port_c_39a90d8d__prvStartFirstTask 0x080001c1   Thumb Code    28  port.o(.emb_text)
    __asm___6_port_c_39a90d8d__prvEnableVFP  0x080001e1   Thumb Code    16  port.o(.emb_text)
    PendSV_Handler                           0x080001f5   Thumb Code    88  port.o(.emb_text)
    vPortGetIPSR                             0x08000251   Thumb Code     6  port.o(.emb_text)
    Reset_Handler                            0x08000259   Thumb Code     8  startup_stm32f40_41xxx.o(.text)
    NMI_Handler                              0x08000261   Thumb Code     2  startup_stm32f40_41xxx.o(.text)
    HardFault_Handler                        0x08000263   Thumb Code     2  startup_stm32f40_41xxx.o(.text)
    MemManage_Handler                        0x08000265   Thumb Code     2  startup_stm32f40_41xxx.o(.text)
    BusFault_Handler                         0x08000267   Thumb Code     2  startup_stm32f40_41xxx.o(.text)
    UsageFault_Handler                       0x08000269   Thumb Code     2  startup_stm32f40_41xxx.o(.text)
    DebugMon_Handler                         0x0800026d   Thumb Code     2  startup_stm32f40_41xxx.o(.text)
    ADC_IRQHandler                           0x08000273   Thumb Code     0  startup_stm32f40_41xxx.o(.text)
    CAN1_RX0_IRQHandler                      0x08000273   Thumb Code     0  startup_stm32f40_41xxx.o(.text)
    CAN1_RX1_IRQHandler                      0x08000273   Thumb Code     0  startup_stm32f40_41xxx.o(.text)
    CAN1_SCE_IRQHandler                      0x08000273   Thumb Code     0  startup_stm32f40_41xxx.o(.text)
    CAN1_TX_IRQHandler                       0x08000273   Thumb Code     0  startup_stm32f40_41xxx.o(.text)
    CAN2_RX0_IRQHandler                      0x08000273   Thumb Code     0  startup_stm32f40_41xxx.o(.text)
    CAN2_RX1_IRQHandler                      0x08000273   Thumb Code     0  startup_stm32f40_41xxx.o(.text)
    CAN2_SCE_IRQHandler                      0x08000273   Thumb Code     0  startup_stm32f40_41xxx.o(.text)
    CAN2_TX_IRQHandler                       0x08000273   Thumb Code     0  startup_stm32f40_41xxx.o(.text)
    CRYP_IRQHandler                          0x08000273   Thumb Code     0  startup_stm32f40_41xxx.o(.text)
    DCMI_IRQHandler                          0x08000273   Thumb Code     0  startup_stm32f40_41xxx.o(.text)
    DMA1_Stream0_IRQHandler                  0x08000273   Thumb Code     0  startup_stm32f40_41xxx.o(.text)
    DMA1_Stream1_IRQHandler                  0x08000273   Thumb Code     0  startup_stm32f40_41xxx.o(.text)
    DMA1_Stream2_IRQHandler                  0x08000273   Thumb Code     0  startup_stm32f40_41xxx.o(.text)
    DMA1_Stream3_IRQHandler                  0x08000273   Thumb Code     0  startup_stm32f40_41xxx.o(.text)
    DMA1_Stream4_IRQHandler                  0x08000273   Thumb Code     0  startup_stm32f40_41xxx.o(.text)
    DMA1_Stream5_IRQHandler                  0x08000273   Thumb Code     0  startup_stm32f40_41xxx.o(.text)
    DMA1_Stream6_IRQHandler                  0x08000273   Thumb Code     0  startup_stm32f40_41xxx.o(.text)
    DMA1_Stream7_IRQHandler                  0x08000273   Thumb Code     0  startup_stm32f40_41xxx.o(.text)
    DMA2_Stream0_IRQHandler                  0x08000273   Thumb Code     0  startup_stm32f40_41xxx.o(.text)
    DMA2_Stream1_IRQHandler                  0x08000273   Thumb Code     0  startup_stm32f40_41xxx.o(.text)
    DMA2_Stream2_IRQHandler                  0x08000273   Thumb Code     0  startup_stm32f40_41xxx.o(.text)
    DMA2_Stream3_IRQHandler                  0x08000273   Thumb Code     0  startup_stm32f40_41xxx.o(.text)
    DMA2_Stream4_IRQHandler                  0x08000273   Thumb Code     0  startup_stm32f40_41xxx.o(.text)
    DMA2_Stream5_IRQHandler                  0x08000273   Thumb Code     0  startup_stm32f40_41xxx.o(.text)
    DMA2_Stream6_IRQHandler                  0x08000273   Thumb Code     0  startup_stm32f40_41xxx.o(.text)
    DMA2_Stream7_IRQHandler                  0x08000273   Thumb Code     0  startup_stm32f40_41xxx.o(.text)
    ETH_IRQHandler                           0x08000273   Thumb Code     0  startup_stm32f40_41xxx.o(.text)
    ETH_WKUP_IRQHandler                      0x08000273   Thumb Code     0  startup_stm32f40_41xxx.o(.text)
    EXTI0_IRQHandler                         0x08000273   Thumb Code     0  startup_stm32f40_41xxx.o(.text)
    EXTI15_10_IRQHandler                     0x08000273   Thumb Code     0  startup_stm32f40_41xxx.o(.text)
    EXTI1_IRQHandler                         0x08000273   Thumb Code     0  startup_stm32f40_41xxx.o(.text)
    EXTI2_IRQHandler                         0x08000273   Thumb Code     0  startup_stm32f40_41xxx.o(.text)
    EXTI3_IRQHandler                         0x08000273   Thumb Code     0  startup_stm32f40_41xxx.o(.text)
    EXTI4_IRQHandler                         0x08000273   Thumb Code     0  startup_stm32f40_41xxx.o(.text)
    EXTI9_5_IRQHandler                       0x08000273   Thumb Code     0  startup_stm32f40_41xxx.o(.text)
    FLASH_IRQHandler                         0x08000273   Thumb Code     0  startup_stm32f40_41xxx.o(.text)
    FPU_IRQHandler                           0x08000273   Thumb Code     0  startup_stm32f40_41xxx.o(.text)
    FSMC_IRQHandler                          0x08000273   Thumb Code     0  startup_stm32f40_41xxx.o(.text)
    HASH_RNG_IRQHandler                      0x08000273   Thumb Code     0  startup_stm32f40_41xxx.o(.text)
    I2C1_ER_IRQHandler                       0x08000273   Thumb Code     0  startup_stm32f40_41xxx.o(.text)
    I2C1_EV_IRQHandler                       0x08000273   Thumb Code     0  startup_stm32f40_41xxx.o(.text)
    I2C2_ER_IRQHandler                       0x08000273   Thumb Code     0  startup_stm32f40_41xxx.o(.text)
    I2C2_EV_IRQHandler                       0x08000273   Thumb Code     0  startup_stm32f40_41xxx.o(.text)
    I2C3_ER_IRQHandler                       0x08000273   Thumb Code     0  startup_stm32f40_41xxx.o(.text)
    I2C3_EV_IRQHandler                       0x08000273   Thumb Code     0  startup_stm32f40_41xxx.o(.text)
    OTG_FS_IRQHandler                        0x08000273   Thumb Code     0  startup_stm32f40_41xxx.o(.text)
    OTG_FS_WKUP_IRQHandler                   0x08000273   Thumb Code     0  startup_stm32f40_41xxx.o(.text)
    OTG_HS_EP1_IN_IRQHandler                 0x08000273   Thumb Code     0  startup_stm32f40_41xxx.o(.text)
    OTG_HS_EP1_OUT_IRQHandler                0x08000273   Thumb Code     0  startup_stm32f40_41xxx.o(.text)
    OTG_HS_IRQHandler                        0x08000273   Thumb Code     0  startup_stm32f40_41xxx.o(.text)
    OTG_HS_WKUP_IRQHandler                   0x08000273   Thumb Code     0  startup_stm32f40_41xxx.o(.text)
    PVD_IRQHandler                           0x08000273   Thumb Code     0  startup_stm32f40_41xxx.o(.text)
    RCC_IRQHandler                           0x08000273   Thumb Code     0  startup_stm32f40_41xxx.o(.text)
    RTC_Alarm_IRQHandler                     0x08000273   Thumb Code     0  startup_stm32f40_41xxx.o(.text)
    RTC_WKUP_IRQHandler                      0x08000273   Thumb Code     0  startup_stm32f40_41xxx.o(.text)
    SDIO_IRQHandler                          0x08000273   Thumb Code     0  startup_stm32f40_41xxx.o(.text)
    SPI1_IRQHandler                          0x08000273   Thumb Code     0  startup_stm32f40_41xxx.o(.text)
    SPI2_IRQHandler                          0x08000273   Thumb Code     0  startup_stm32f40_41xxx.o(.text)
    SPI3_IRQHandler                          0x08000273   Thumb Code     0  startup_stm32f40_41xxx.o(.text)
    TAMP_STAMP_IRQHandler                    0x08000273   Thumb Code     0  startup_stm32f40_41xxx.o(.text)
    TIM1_BRK_TIM9_IRQHandler                 0x08000273   Thumb Code     0  startup_stm32f40_41xxx.o(.text)
    TIM1_CC_IRQHandler                       0x08000273   Thumb Code     0  startup_stm32f40_41xxx.o(.text)
    TIM1_TRG_COM_TIM11_IRQHandler            0x08000273   Thumb Code     0  startup_stm32f40_41xxx.o(.text)
    TIM1_UP_TIM10_IRQHandler                 0x08000273   Thumb Code     0  startup_stm32f40_41xxx.o(.text)
    TIM2_IRQHandler                          0x08000273   Thumb Code     0  startup_stm32f40_41xxx.o(.text)
    TIM3_IRQHandler                          0x08000273   Thumb Code     0  startup_stm32f40_41xxx.o(.text)
    TIM4_IRQHandler                          0x08000273   Thumb Code     0  startup_stm32f40_41xxx.o(.text)
    TIM5_IRQHandler                          0x08000273   Thumb Code     0  startup_stm32f40_41xxx.o(.text)
    TIM6_DAC_IRQHandler                      0x08000273   Thumb Code     0  startup_stm32f40_41xxx.o(.text)
    TIM7_IRQHandler                          0x08000273   Thumb Code     0  startup_stm32f40_41xxx.o(.text)
    TIM8_BRK_TIM12_IRQHandler                0x08000273   Thumb Code     0  startup_stm32f40_41xxx.o(.text)
    TIM8_CC_IRQHandler                       0x08000273   Thumb Code     0  startup_stm32f40_41xxx.o(.text)
    TIM8_TRG_COM_TIM14_IRQHandler            0x08000273   Thumb Code     0  startup_stm32f40_41xxx.o(.text)
    TIM8_UP_TIM13_IRQHandler                 0x08000273   Thumb Code     0  startup_stm32f40_41xxx.o(.text)
    UART4_IRQHandler                         0x08000273   Thumb Code     0  startup_stm32f40_41xxx.o(.text)
    UART5_IRQHandler                         0x08000273   Thumb Code     0  startup_stm32f40_41xxx.o(.text)
    USART3_IRQHandler                        0x08000273   Thumb Code     0  startup_stm32f40_41xxx.o(.text)
    USART6_IRQHandler                        0x08000273   Thumb Code     0  startup_stm32f40_41xxx.o(.text)
    WWDG_IRQHandler                          0x08000273   Thumb Code     0  startup_stm32f40_41xxx.o(.text)
    __aeabi_memset                           0x0800027d   Thumb Code    14  memseta.o(.text)
    __aeabi_memset4                          0x0800027d   Thumb Code     0  memseta.o(.text)
    __aeabi_memset8                          0x0800027d   Thumb Code     0  memseta.o(.text)
    __aeabi_memclr                           0x0800028b   Thumb Code     4  memseta.o(.text)
    __aeabi_memclr4                          0x0800028b   Thumb Code     0  memseta.o(.text)
    __aeabi_memclr8                          0x0800028b   Thumb Code     0  memseta.o(.text)
    _memset$wrapper                          0x0800028f   Thumb Code    18  memseta.o(.text)
    strstr                                   0x080002a1   Thumb Code    36  strstr.o(.text)
    strlen                                   0x080002c5   Thumb Code    14  strlen.o(.text)
    __scatterload                            0x080002d5   Thumb Code    28  init.o(.text)
    __scatterload_rt2                        0x080002d5   Thumb Code     0  init.o(.text)
    BEEP_Init                                0x080002f9   Thumb Code    60  beep.o(i.BEEP_Init)
    DHT11_Init                               0x08000339   Thumb Code    48  dht11.o(i.DHT11_Init)
    GPIO_Init                                0x0800036d   Thumb Code   144  stm32f4xx_gpio.o(i.GPIO_Init)
    GPIO_PinAFConfig                         0x080003fd   Thumb Code    70  stm32f4xx_gpio.o(i.GPIO_PinAFConfig)
    GPIO_ResetBits                           0x08000443   Thumb Code     4  stm32f4xx_gpio.o(i.GPIO_ResetBits)
    GetChinese                               0x08000449   Thumb Code    64  oled.o(i.GetChinese)
    IIC_Ack                                  0x0800048d   Thumb Code    46  iic.o(i.IIC_Ack)
    IIC_Delay                                0x080004c9   Thumb Code    10  iic.o(i.IIC_Delay)
    IIC_Init                                 0x080004d5   Thumb Code    54  iic.o(i.IIC_Init)
    IIC_Send_Byte                            0x08000519   Thumb Code    66  iic.o(i.IIC_Send_Byte)
    IIC_Start                                0x08000569   Thumb Code    56  iic.o(i.IIC_Start)
    IIC_Stop                                 0x080005ad   Thumb Code    46  iic.o(i.IIC_Stop)
    KEY_Init                                 0x080005e9   Thumb Code    70  key.o(i.KEY_Init)
    LED_Init                                 0x08000639   Thumb Code    62  led.o(i.LED_Init)
    NVIC_Init                                0x08000685   Thumb Code   106  misc.o(i.NVIC_Init)
    NVIC_PriorityGroupConfig                 0x080006fd   Thumb Code    10  misc.o(i.NVIC_PriorityGroupConfig)
    OLED_Clear                               0x08000711   Thumb Code    42  oled.o(i.OLED_Clear)
    OLED_DrawPoint                           0x08000741   Thumb Code   114  oled.o(i.OLED_DrawPoint)
    OLED_Init                                0x080007b9   Thumb Code   232  oled.o(i.OLED_Init)
    OLED_KEY                                 0x080008a1   Thumb Code    72  oledmenu.o(i.OLED_KEY)
    OLED_MyClear                             0x080008f1   Thumb Code    36  oled.o(i.OLED_MyClear)
    OLED_My_clear_choose                     0x08000919   Thumb Code    44  oled.o(i.OLED_My_clear_choose)
    OLED_My_clear_cinese                     0x08000949   Thumb Code    44  oled.o(i.OLED_My_clear_cinese)
    OLED_Refresh                             0x08000979   Thumb Code   100  oled.o(i.OLED_Refresh)
    OLED_ShowChar                            0x080009e1   Thumb Code   300  oled.o(i.OLED_ShowChar)
    OLED_ShowChinese                         0x08000b1d   Thumb Code   244  oled.o(i.OLED_ShowChinese)
    OLED_ShowChineseString                   0x08000c21   Thumb Code   102  oled.o(i.OLED_ShowChineseString)
    OLED_WR_Byte                             0x08000c87   Thumb Code    56  oled.o(i.OLED_WR_Byte)
    OLED_page_Per                            0x08000cc1   Thumb Code    26  oledmenu.o(i.OLED_page_Per)
    OLED_page_led                            0x08000ce1   Thumb Code   244  oledmenu.o(i.OLED_page_led)
    OLED_page_main                           0x08000e11   Thumb Code    74  oledmenu.o(i.OLED_page_main)
    OLED_page_main_return                    0x08000e61   Thumb Code    24  oledmenu.o(i.OLED_page_main_return)
    OLED_page_pwm                            0x08000e81   Thumb Code   150  oledmenu.o(i.OLED_page_pwm)
    OLED_page_show                           0x08000f3d   Thumb Code   136  oledmenu.o(i.OLED_page_show)
    OLED_page_show_led                       0x08001001   Thumb Code    88  oledmenu.o(i.OLED_page_show_led)
    OLED_page_show_per                       0x08001089   Thumb Code    24  oledmenu.o(i.OLED_page_show_per)
    OLED_page_show_pwm                       0x080010a1   Thumb Code    88  oledmenu.o(i.OLED_page_show_pwm)
    OLED_page_show_wifi                      0x08001129   Thumb Code    88  oledmenu.o(i.OLED_page_show_wifi)
    OLED_page_wifi                           0x080011b1   Thumb Code     8  oledmenu.o(i.OLED_page_wifi)
    RCC_AHB1PeriphClockCmd                   0x080011b9   Thumb Code    26  stm32f4xx_rcc.o(i.RCC_AHB1PeriphClockCmd)
    RCC_APB1PeriphClockCmd                   0x080011d9   Thumb Code    26  stm32f4xx_rcc.o(i.RCC_APB1PeriphClockCmd)
    RCC_APB2PeriphClockCmd                   0x080011f9   Thumb Code    26  stm32f4xx_rcc.o(i.RCC_APB2PeriphClockCmd)
    RCC_GetClocksFreq                        0x08001219   Thumb Code   214  stm32f4xx_rcc.o(i.RCC_GetClocksFreq)
    SysTick_Handler                          0x080013ed   Thumb Code    46  port.o(i.SysTick_Handler)
    SystemInit                               0x08001421   Thumb Code    88  system_stm32f4xx.o(i.SystemInit)
    TCP_Init                                 0x08001489   Thumb Code    24  wifi.o(i.TCP_Init)
    TIM7_Init                                0x080014c9   Thumb Code    56  delay.o(i.TIM7_Init)
    TIM_Cmd                                  0x08001505   Thumb Code    24  stm32f4xx_tim.o(i.TIM_Cmd)
    TIM_GetCapture2                          0x0800151d   Thumb Code     6  stm32f4xx_tim.o(i.TIM_GetCapture2)
    TIM_SetCompare1                          0x08001523   Thumb Code     4  stm32f4xx_tim.o(i.TIM_SetCompare1)
    TIM_SetCompare2                          0x08001527   Thumb Code     4  stm32f4xx_tim.o(i.TIM_SetCompare2)
    TIM_TimeBaseInit                         0x0800152d   Thumb Code   104  stm32f4xx_tim.o(i.TIM_TimeBaseInit)
    TaskHandle_OLED                          0x080015b1   Thumb Code    86  main.o(i.TaskHandle_OLED)
    TaskHandle_PHOT                          0x0800160d   Thumb Code    20  main.o(i.TaskHandle_PHOT)
    TaskHandle_START                         0x08001621   Thumb Code   102  main.o(i.TaskHandle_START)
    TaskHandle_THSE                          0x080016dd   Thumb Code    82  main.o(i.TaskHandle_THSE)
    TaskHandle_WIFI                          0x08001739   Thumb Code    22  main.o(i.TaskHandle_WIFI)
    USART1_IRQHandler                        0x08001751   Thumb Code    38  uart.o(i.USART1_IRQHandler)
    USART2_IRQHandler                        0x08001785   Thumb Code    88  wifi.o(i.USART2_IRQHandler)
    USART2_SendData                          0x080017f1   Thumb Code    40  wifi.o(i.USART2_SendData)
    USART_ClearITPendingBit                  0x0800181d   Thumb Code    30  stm32f4xx_usart.o(i.USART_ClearITPendingBit)
    USART_Cmd                                0x0800183b   Thumb Code    24  stm32f4xx_usart.o(i.USART_Cmd)
    USART_GetITStatus                        0x08001853   Thumb Code    84  stm32f4xx_usart.o(i.USART_GetITStatus)
    USART_ITConfig                           0x080018a7   Thumb Code    74  stm32f4xx_usart.o(i.USART_ITConfig)
    USART_Init                               0x080018f1   Thumb Code   204  stm32f4xx_usart.o(i.USART_Init)
    USART_ReceiveData                        0x080019c5   Thumb Code    10  stm32f4xx_usart.o(i.USART_ReceiveData)
    USART_SendData                           0x080019cf   Thumb Code     8  stm32f4xx_usart.o(i.USART_SendData)
    WIFI_Wait_OK                             0x080019d9   Thumb Code    74  wifi.o(i.WIFI_Wait_OK)
    __scatterload_copy                       0x08001a29   Thumb Code    14  handlers.o(i.__scatterload_copy)
    __scatterload_null                       0x08001a37   Thumb Code     2  handlers.o(i.__scatterload_null)
    __scatterload_zeroinit                   0x08001a39   Thumb Code    14  handlers.o(i.__scatterload_zeroinit)
    delay_ms                                 0x08001a47   Thumb Code    24  delay.o(i.delay_ms)
    delay_us                                 0x08001a61   Thumb Code    46  delay.o(i.delay_us)
    flag_chooes_down                         0x08001a95   Thumb Code    62  oledmenu.o(i.flag_chooes_down)
    flag_chooes_page                         0x08001ad9   Thumb Code   120  oledmenu.o(i.flag_chooes_page)
    flag_chooes_up                           0x08001b59   Thumb Code    60  oledmenu.o(i.flag_chooes_up)
    main                                     0x08001b99   Thumb Code    96  main.o(i.main)
    pvPortMalloc                             0x08002011   Thumb Code   188  heap_4.o(i.pvPortMalloc)
    pwm_start1                               0x080020e1   Thumb Code    12  pwm.o(i.pwm_start1)
    pwm_start2                               0x080020f1   Thumb Code    12  pwm.o(i.pwm_start2)
    pwm_start3                               0x08002101   Thumb Code    12  pwm.o(i.pwm_start3)
    pwm_stop                                 0x08002111   Thumb Code    12  pwm.o(i.pwm_stop)
    pxPortInitialiseStack                    0x08002121   Thumb Code    38  port.o(i.pxPortInitialiseStack)
    ring_buffer_Init                         0x0800214d   Thumb Code    10  ringbuffer.o(i.ring_buffer_Init)
    ring_buffer_is_empty                     0x08002157   Thumb Code    18  ringbuffer.o(i.ring_buffer_is_empty)
    ring_buffer_is_full                      0x08002169   Thumb Code    32  ringbuffer.o(i.ring_buffer_is_full)
    ring_buffer_read                         0x08002189   Thumb Code    44  ringbuffer.o(i.ring_buffer_read)
    ring_buffer_read_all                     0x080021b5   Thumb Code    44  ringbuffer.o(i.ring_buffer_read_all)
    ring_buffer_write                        0x080021e1   Thumb Code    42  ringbuffer.o(i.ring_buffer_write)
    uart1_init                               0x0800220d   Thumb Code   152  uart.o(i.uart1_init)
    uart2_init                               0x080022ad   Thumb Code   156  wifi.o(i.uart2_init)
    uxListRemove                             0x08002355   Thumb Code    40  list.o(i.uxListRemove)
    vListInitialise                          0x0800237d   Thumb Code    26  list.o(i.vListInitialise)
    vListInitialiseItem                      0x08002397   Thumb Code     6  list.o(i.vListInitialiseItem)
    vListInsert                              0x0800239d   Thumb Code    52  list.o(i.vListInsert)
    vListInsertEnd                           0x080023d1   Thumb Code    24  list.o(i.vListInsertEnd)
    vPortEnterCritical                       0x080023e9   Thumb Code    30  port.o(i.vPortEnterCritical)
    vPortExitCritical                        0x0800240d   Thumb Code    28  port.o(i.vPortExitCritical)
    vPortFree                                0x0800242d   Thumb Code    64  heap_4.o(i.vPortFree)
    vPortSetupTimerInterrupt                 0x08002475   Thumb Code    14  port.o(i.vPortSetupTimerInterrupt)
    vTaskDelay                               0x08002489   Thumb Code    46  tasks.o(i.vTaskDelay)
    vTaskDelayUntil                          0x080024bd   Thumb Code   106  tasks.o(i.vTaskDelayUntil)
    vTaskDelete                              0x08002531   Thumb Code   166  tasks.o(i.vTaskDelete)
    vTaskStartScheduler                      0x080025fd   Thumb Code    74  tasks.o(i.vTaskStartScheduler)
    vTaskSuspendAll                          0x08002665   Thumb Code    12  tasks.o(i.vTaskSuspendAll)
    vTaskSwitchContext                       0x08002675   Thumb Code    76  tasks.o(i.vTaskSwitchContext)
    wifi_init                                0x080026d5   Thumb Code    24  wifi.o(i.wifi_init)
    wifi_sendData                            0x08002721   Thumb Code    32  wifi.o(i.wifi_sendData)
    xPortStartScheduler                      0x08002745   Thumb Code    58  port.o(i.xPortStartScheduler)
    xTaskCreate                              0x0800278d   Thumb Code    96  tasks.o(i.xTaskCreate)
    xTaskGetTickCount                        0x080027ed   Thumb Code     6  tasks.o(i.xTaskGetTickCount)
    xTaskIncrementTick                       0x080027f9   Thumb Code   238  tasks.o(i.xTaskIncrementTick)
    xTaskResumeAll                           0x08002915   Thumb Code   196  tasks.o(i.xTaskResumeAll)
    asc2_0806                                0x080029fc   Data         552  oled.o(.constdata)
    asc2_1206                                0x08002c24   Data        1140  oled.o(.constdata)
    asc2_1608                                0x08003098   Data        1520  oled.o(.constdata)
    asc2_2412                                0x08003688   Data        3420  oled.o(.constdata)
    HZK_Str                                  0x080043e4   Data          87  oled.o(.constdata)
    Hzk1                                     0x0800443b   Data        1440  oled.o(.constdata)
    Hzk2                                     0x080049db   Data          72  oled.o(.constdata)
    Hzk3                                     0x08004a23   Data         128  oled.o(.constdata)
    Hzk4                                     0x08004aa3   Data         512  oled.o(.constdata)
    Region$$Table$$Base                      0x08004ca4   Number         0  anon$$obj.o(Region$$Table)
    Region$$Table$$Limit                     0x08004cc4   Number         0  anon$$obj.o(Region$$Table)
    StartTask_Handler                        0x20000000   Data           4  main.o(.data)
    oled_page                                0x20000008   Data           1  oledmenu.o(.data)
    flag_chooes                              0x2000000c   Data           4  oledmenu.o(.data)
    LED1_stat                                0x20000010   Data           4  oledmenu.o(.data)
    pxCurrentTCB                             0x20000014   Data           4  tasks.o(.data)
    buffer                                   0x2000007c   Data          32  wifi.o(.bss)
    OLED_GRAM                                0x2000009c   Data        1152  oled.o(.bss)
    __initial_sp                             0x20009c00   Data           0  startup_stm32f40_41xxx.o(STACK)



==============================================================================

Memory Map of the image

  Image Entry point : 0x08000189

  Load Region LR_IROM1 (Base: 0x08000000, Size: 0x00004d40, Max: 0x00080000, ABSOLUTE)

    Execution Region ER_IROM1 (Exec base: 0x08000000, Load base: 0x08000000, Size: 0x00004cc4, Max: 0x00080000, ABSOLUTE)

    Exec Addr    Load Addr    Size         Type   Attr      Idx    E Section Name        Object

    0x08000000   0x08000000   0x00000188   Data   RO         2923    RESET               startup_stm32f40_41xxx.o
    0x08000188   0x08000188   0x00000000   Code   RO         2969  * .ARM.Collect$$$$00000000  mc_w.l(entry.o)
    0x08000188   0x08000188   0x00000004   Code   RO         3249    .ARM.Collect$$$$00000001  mc_w.l(entry2.o)
    0x0800018c   0x0800018c   0x00000004   Code   RO         3252    .ARM.Collect$$$$00000004  mc_w.l(entry5.o)
    0x08000190   0x08000190   0x00000000   Code   RO         3254    .ARM.Collect$$$$00000008  mc_w.l(entry7b.o)
    0x08000190   0x08000190   0x00000000   Code   RO         3256    .ARM.Collect$$$$0000000A  mc_w.l(entry8b.o)
    0x08000190   0x08000190   0x00000008   Code   RO         3257    .ARM.Collect$$$$0000000B  mc_w.l(entry9a.o)
    0x08000198   0x08000198   0x00000004   Code   RO         3264    .ARM.Collect$$$$0000000E  mc_w.l(entry12b.o)
    0x0800019c   0x0800019c   0x00000000   Code   RO         3259    .ARM.Collect$$$$0000000F  mc_w.l(entry10a.o)
    0x0800019c   0x0800019c   0x00000000   Code   RO         3261    .ARM.Collect$$$$00000011  mc_w.l(entry11a.o)
    0x0800019c   0x0800019c   0x00000004   Code   RO         3250    .ARM.Collect$$$$00002712  mc_w.l(entry2.o)
    0x080001a0   0x080001a0   0x000000b6   Code   RO         1610    .emb_text           port.o
    0x08000256   0x08000256   0x00000002   PAD
    0x08000258   0x08000258   0x00000024   Code   RO         2924    .text               startup_stm32f40_41xxx.o
    0x0800027c   0x0800027c   0x00000024   Code   RO         2974    .text               mc_w.l(memseta.o)
    0x080002a0   0x080002a0   0x00000024   Code   RO         2976    .text               mc_w.l(strstr.o)
    0x080002c4   0x080002c4   0x0000000e   Code   RO         2978    .text               mc_w.l(strlen.o)
    0x080002d2   0x080002d2   0x00000002   PAD
    0x080002d4   0x080002d4   0x00000024   Code   RO         3283    .text               mc_w.l(init.o)
    0x080002f8   0x080002f8   0x00000040   Code   RO          679    i.BEEP_Init         beep.o
    0x08000338   0x08000338   0x00000034   Code   RO          360    i.DHT11_Init        dht11.o
    0x0800036c   0x0800036c   0x00000090   Code   RO         1733    i.GPIO_Init         stm32f4xx_gpio.o
    0x080003fc   0x080003fc   0x00000046   Code   RO         1734    i.GPIO_PinAFConfig  stm32f4xx_gpio.o
    0x08000442   0x08000442   0x00000004   Code   RO         1740    i.GPIO_ResetBits    stm32f4xx_gpio.o
    0x08000446   0x08000446   0x00000002   PAD
    0x08000448   0x08000448   0x00000044   Code   RO          507    i.GetChinese        oled.o
    0x0800048c   0x0800048c   0x0000003c   Code   RO          420    i.IIC_Ack           iic.o
    0x080004c8   0x080004c8   0x0000000a   Code   RO          421    i.IIC_Delay         iic.o
    0x080004d2   0x080004d2   0x00000002   PAD
    0x080004d4   0x080004d4   0x00000044   Code   RO          422    i.IIC_Init          iic.o
    0x08000518   0x08000518   0x00000050   Code   RO          426    i.IIC_Send_Byte     iic.o
    0x08000568   0x08000568   0x00000044   Code   RO          428    i.IIC_Start         iic.o
    0x080005ac   0x080005ac   0x0000003c   Code   RO          429    i.IIC_Stop          iic.o
    0x080005e8   0x080005e8   0x00000050   Code   RO          706    i.KEY_Init          key.o
    0x08000638   0x08000638   0x0000004c   Code   RO          207    i.LED_Init          led.o
    0x08000684   0x08000684   0x00000078   Code   RO         1684    i.NVIC_Init         misc.o
    0x080006fc   0x080006fc   0x00000014   Code   RO         1685    i.NVIC_PriorityGroupConfig  misc.o
    0x08000710   0x08000710   0x00000030   Code   RO          508    i.OLED_Clear        oled.o
    0x08000740   0x08000740   0x00000078   Code   RO          515    i.OLED_DrawPoint    oled.o
    0x080007b8   0x080007b8   0x000000e8   Code   RO          516    i.OLED_Init         oled.o
    0x080008a0   0x080008a0   0x00000050   Code   RO          773    i.OLED_KEY          oledmenu.o
    0x080008f0   0x080008f0   0x00000028   Code   RO          517    i.OLED_MyClear      oled.o
    0x08000918   0x08000918   0x00000030   Code   RO          518    i.OLED_My_clear_choose  oled.o
    0x08000948   0x08000948   0x00000030   Code   RO          519    i.OLED_My_clear_cinese  oled.o
    0x08000978   0x08000978   0x00000068   Code   RO          521    i.OLED_Refresh      oled.o
    0x080009e0   0x080009e0   0x0000013c   Code   RO          523    i.OLED_ShowChar     oled.o
    0x08000b1c   0x08000b1c   0x00000104   Code   RO          524    i.OLED_ShowChinese  oled.o
    0x08000c20   0x08000c20   0x00000066   Code   RO          525    i.OLED_ShowChineseString  oled.o
    0x08000c86   0x08000c86   0x00000038   Code   RO          529    i.OLED_WR_Byte      oled.o
    0x08000cbe   0x08000cbe   0x00000002   PAD
    0x08000cc0   0x08000cc0   0x00000020   Code   RO          774    i.OLED_page_Per     oledmenu.o
    0x08000ce0   0x08000ce0   0x00000130   Code   RO          775    i.OLED_page_led     oledmenu.o
    0x08000e10   0x08000e10   0x00000050   Code   RO          776    i.OLED_page_main    oledmenu.o
    0x08000e60   0x08000e60   0x00000020   Code   RO          777    i.OLED_page_main_return  oledmenu.o
    0x08000e80   0x08000e80   0x000000bc   Code   RO          778    i.OLED_page_pwm     oledmenu.o
    0x08000f3c   0x08000f3c   0x000000c4   Code   RO          779    i.OLED_page_show    oledmenu.o
    0x08001000   0x08001000   0x00000088   Code   RO          780    i.OLED_page_show_led  oledmenu.o
    0x08001088   0x08001088   0x00000018   Code   RO          781    i.OLED_page_show_per  oledmenu.o
    0x080010a0   0x080010a0   0x00000088   Code   RO          782    i.OLED_page_show_pwm  oledmenu.o
    0x08001128   0x08001128   0x00000088   Code   RO          783    i.OLED_page_show_wifi  oledmenu.o
    0x080011b0   0x080011b0   0x00000008   Code   RO          784    i.OLED_page_wifi    oledmenu.o
    0x080011b8   0x080011b8   0x00000020   Code   RO         1834    i.RCC_AHB1PeriphClockCmd  stm32f4xx_rcc.o
    0x080011d8   0x080011d8   0x00000020   Code   RO         1843    i.RCC_APB1PeriphClockCmd  stm32f4xx_rcc.o
    0x080011f8   0x080011f8   0x00000020   Code   RO         1846    i.RCC_APB2PeriphClockCmd  stm32f4xx_rcc.o
    0x08001218   0x08001218   0x000000e8   Code   RO         1855    i.RCC_GetClocksFreq  stm32f4xx_rcc.o
    0x08001300   0x08001300   0x000000ec   Code   RO         2931    i.SetSysClock       system_stm32f4xx.o
    0x080013ec   0x080013ec   0x00000034   Code   RO         1611    i.SysTick_Handler   port.o
    0x08001420   0x08001420   0x00000068   Code   RO         2933    i.SystemInit        system_stm32f4xx.o
    0x08001488   0x08001488   0x00000040   Code   RO          272    i.TCP_Init          wifi.o
    0x080014c8   0x080014c8   0x0000003c   Code   RO          941    i.TIM7_Init         delay.o
    0x08001504   0x08001504   0x00000018   Code   RO         2182    i.TIM_Cmd           stm32f4xx_tim.o
    0x0800151c   0x0800151c   0x00000006   Code   RO         2198    i.TIM_GetCapture2   stm32f4xx_tim.o
    0x08001522   0x08001522   0x00000004   Code   RO         2244    i.TIM_SetCompare1   stm32f4xx_tim.o
    0x08001526   0x08001526   0x00000004   Code   RO         2245    i.TIM_SetCompare2   stm32f4xx_tim.o
    0x0800152a   0x0800152a   0x00000002   PAD
    0x0800152c   0x0800152c   0x00000084   Code   RO         2254    i.TIM_TimeBaseInit  stm32f4xx_tim.o
    0x080015b0   0x080015b0   0x0000005c   Code   RO            6    i.TaskHandle_OLED   main.o
    0x0800160c   0x0800160c   0x00000014   Code   RO            7    i.TaskHandle_PHOT   main.o
    0x08001620   0x08001620   0x000000bc   Code   RO            8    i.TaskHandle_START  main.o
    0x080016dc   0x080016dc   0x0000005c   Code   RO            9    i.TaskHandle_THSE   main.o
    0x08001738   0x08001738   0x00000016   Code   RO           10    i.TaskHandle_WIFI   main.o
    0x0800174e   0x0800174e   0x00000002   PAD
    0x08001750   0x08001750   0x00000034   Code   RO          234    i.USART1_IRQHandler  uart.o
    0x08001784   0x08001784   0x0000006c   Code   RO          274    i.USART2_IRQHandler  wifi.o
    0x080017f0   0x080017f0   0x0000002c   Code   RO          275    i.USART2_SendData   wifi.o
    0x0800181c   0x0800181c   0x0000001e   Code   RO         2733    i.USART_ClearITPendingBit  stm32f4xx_usart.o
    0x0800183a   0x0800183a   0x00000018   Code   RO         2736    i.USART_Cmd         stm32f4xx_usart.o
    0x08001852   0x08001852   0x00000054   Code   RO         2740    i.USART_GetITStatus  stm32f4xx_usart.o
    0x080018a6   0x080018a6   0x0000004a   Code   RO         2742    i.USART_ITConfig    stm32f4xx_usart.o
    0x080018f0   0x080018f0   0x000000d4   Code   RO         2743    i.USART_Init        stm32f4xx_usart.o
    0x080019c4   0x080019c4   0x0000000a   Code   RO         2750    i.USART_ReceiveData  stm32f4xx_usart.o
    0x080019ce   0x080019ce   0x00000008   Code   RO         2753    i.USART_SendData    stm32f4xx_usart.o
    0x080019d6   0x080019d6   0x00000002   PAD
    0x080019d8   0x080019d8   0x00000050   Code   RO          276    i.WIFI_Wait_OK      wifi.o
    0x08001a28   0x08001a28   0x0000000e   Code   RO         3289    i.__scatterload_copy  mc_w.l(handlers.o)
    0x08001a36   0x08001a36   0x00000002   Code   RO         3290    i.__scatterload_null  mc_w.l(handlers.o)
    0x08001a38   0x08001a38   0x0000000e   Code   RO         3291    i.__scatterload_zeroinit  mc_w.l(handlers.o)
    0x08001a46   0x08001a46   0x00000018   Code   RO          942    i.delay_ms          delay.o
    0x08001a5e   0x08001a5e   0x00000002   PAD
    0x08001a60   0x08001a60   0x00000034   Code   RO          943    i.delay_us          delay.o
    0x08001a94   0x08001a94   0x00000044   Code   RO          785    i.flag_chooes_down  oledmenu.o
    0x08001ad8   0x08001ad8   0x00000080   Code   RO          786    i.flag_chooes_page  oledmenu.o
    0x08001b58   0x08001b58   0x00000040   Code   RO          787    i.flag_chooes_up    oledmenu.o
    0x08001b98   0x08001b98   0x00000074   Code   RO           12    i.main              main.o
    0x08001c0c   0x08001c0c   0x00000098   Code   RO         1282    i.prvAddCurrentTaskToDelayedList  tasks.o
    0x08001ca4   0x08001ca4   0x000000b4   Code   RO         1283    i.prvAddNewTaskToReadyList  tasks.o
    0x08001d58   0x08001d58   0x00000064   Code   RO         1284    i.prvCheckTasksWaitingTermination  tasks.o
    0x08001dbc   0x08001dbc   0x00000012   Code   RO         1285    i.prvDeleteTCB      tasks.o
    0x08001dce   0x08001dce   0x00000002   PAD
    0x08001dd0   0x08001dd0   0x0000007c   Code   RO         1561    i.prvHeapInit       heap_4.o
    0x08001e4c   0x08001e4c   0x00000028   Code   RO         1286    i.prvIdleTask       tasks.o
    0x08001e74   0x08001e74   0x00000080   Code   RO         1287    i.prvInitialiseNewTask  tasks.o
    0x08001ef4   0x08001ef4   0x00000068   Code   RO         1288    i.prvInitialiseTaskLists  tasks.o
    0x08001f5c   0x08001f5c   0x00000068   Code   RO         1562    i.prvInsertBlockIntoFreeList  heap_4.o
    0x08001fc4   0x08001fc4   0x00000034   Code   RO         1289    i.prvResetNextTaskUnblockTime  tasks.o
    0x08001ff8   0x08001ff8   0x00000016   Code   RO         1612    i.prvTaskExitError  port.o
    0x0800200e   0x0800200e   0x00000002   PAD
    0x08002010   0x08002010   0x000000d0   Code   RO         1563    i.pvPortMalloc      heap_4.o
    0x080020e0   0x080020e0   0x00000010   Code   RO          891    i.pwm_start1        pwm.o
    0x080020f0   0x080020f0   0x00000010   Code   RO          892    i.pwm_start2        pwm.o
    0x08002100   0x08002100   0x00000010   Code   RO          893    i.pwm_start3        pwm.o
    0x08002110   0x08002110   0x00000010   Code   RO          894    i.pwm_stop          pwm.o
    0x08002120   0x08002120   0x0000002c   Code   RO         1613    i.pxPortInitialiseStack  port.o
    0x0800214c   0x0800214c   0x0000000a   Code   RO          977    i.ring_buffer_Init  ringbuffer.o
    0x08002156   0x08002156   0x00000012   Code   RO          992    i.ring_buffer_is_empty  ringbuffer.o
    0x08002168   0x08002168   0x00000020   Code   RO          997    i.ring_buffer_is_full  ringbuffer.o
    0x08002188   0x08002188   0x0000002c   Code   RO         1009    i.ring_buffer_read  ringbuffer.o
    0x080021b4   0x080021b4   0x0000002c   Code   RO          978    i.ring_buffer_read_all  ringbuffer.o
    0x080021e0   0x080021e0   0x0000002a   Code   RO         1003    i.ring_buffer_write  ringbuffer.o
    0x0800220a   0x0800220a   0x00000002   PAD
    0x0800220c   0x0800220c   0x000000a0   Code   RO          235    i.uart1_init        uart.o
    0x080022ac   0x080022ac   0x000000a8   Code   RO          278    i.uart2_init        wifi.o
    0x08002354   0x08002354   0x00000028   Code   RO         1122    i.uxListRemove      list.o
    0x0800237c   0x0800237c   0x0000001a   Code   RO         1123    i.vListInitialise   list.o
    0x08002396   0x08002396   0x00000006   Code   RO         1124    i.vListInitialiseItem  list.o
    0x0800239c   0x0800239c   0x00000034   Code   RO         1125    i.vListInsert       list.o
    0x080023d0   0x080023d0   0x00000018   Code   RO         1126    i.vListInsertEnd    list.o
    0x080023e8   0x080023e8   0x00000024   Code   RO         1615    i.vPortEnterCritical  port.o
    0x0800240c   0x0800240c   0x00000020   Code   RO         1616    i.vPortExitCritical  port.o
    0x0800242c   0x0800242c   0x00000048   Code   RO         1564    i.vPortFree         heap_4.o
    0x08002474   0x08002474   0x00000014   Code   RO         1617    i.vPortSetupTimerInterrupt  port.o
    0x08002488   0x08002488   0x00000034   Code   RO         1296    i.vTaskDelay        tasks.o
    0x080024bc   0x080024bc   0x00000074   Code   RO         1297    i.vTaskDelayUntil   tasks.o
    0x08002530   0x08002530   0x000000cc   Code   RO         1298    i.vTaskDelete       tasks.o
    0x080025fc   0x080025fc   0x00000068   Code   RO         1307    i.vTaskStartScheduler  tasks.o
    0x08002664   0x08002664   0x00000010   Code   RO         1309    i.vTaskSuspendAll   tasks.o
    0x08002674   0x08002674   0x00000060   Code   RO         1310    i.vTaskSwitchContext  tasks.o
    0x080026d4   0x080026d4   0x0000004c   Code   RO          279    i.wifi_init         wifi.o
    0x08002720   0x08002720   0x00000024   Code   RO          280    i.wifi_sendData     wifi.o
    0x08002744   0x08002744   0x00000048   Code   RO         1618    i.xPortStartScheduler  port.o
    0x0800278c   0x0800278c   0x00000060   Code   RO         1312    i.xTaskCreate       tasks.o
    0x080027ec   0x080027ec   0x0000000c   Code   RO         1315    i.xTaskGetTickCount  tasks.o
    0x080027f8   0x080027f8   0x0000011c   Code   RO         1317    i.xTaskIncrementTick  tasks.o
    0x08002914   0x08002914   0x000000e8   Code   RO         1322    i.xTaskResumeAll    tasks.o
    0x080029fc   0x080029fc   0x000022a7   Data   RO          531    .constdata          oled.o
    0x08004ca3   0x08004ca3   0x00000001   PAD
    0x08004ca4   0x08004ca4   0x00000020   Data   RO         3287    Region$$Table       anon$$obj.o


    Execution Region RW_IRAM2 (Exec base: 0x10000000, Load base: 0x08004d40, Size: 0x00000000, Max: 0x00010000, ABSOLUTE)

    **** No section assigned to this execution region ****


    Execution Region RW_IRAM1 (Exec base: 0x20000000, Load base: 0x08004cc4, Size: 0x00009c00, Max: 0x00020000, ABSOLUTE)

    Exec Addr    Load Addr    Size         Type   Attr      Idx    E Section Name        Object

    0x20000000   0x08004cc4   0x00000004   Data   RW           13    .data               main.o
    0x20000004   0x08004cc8   0x00000001   Data   RW          236    .data               uart.o
    0x20000005   0x08004cc9   0x00000002   Data   RW          283    .data               wifi.o
    0x20000007   0x08004ccb   0x00000001   PAD
    0x20000008   0x08004ccc   0x0000000c   Data   RW          788    .data               oledmenu.o
    0x20000014   0x08004cd8   0x0000003c   Data   RW         1325    .data               tasks.o
    0x20000050   0x08004d14   0x00000018   Data   RW         1569    .data               heap_4.o
    0x20000068   0x08004d2c   0x00000004   Data   RW         1619    .data               port.o
    0x2000006c   0x08004d30   0x00000010   Data   RW         1886    .data               stm32f4xx_rcc.o
    0x2000007c        -       0x00000020   Zero   RW          281    .bss                wifi.o
    0x2000009c        -       0x00000480   Zero   RW          530    .bss                oled.o
    0x2000051c        -       0x000002e4   Zero   RW         1324    .bss                tasks.o
    0x20000800        -       0x00009000   Zero   RW         1568    .bss                heap_4.o
    0x20009800        -       0x00000400   Zero   RW         2921    STACK               startup_stm32f40_41xxx.o


==============================================================================

Image component sizes


      Code (inc. data)   RO Data    RW Data    ZI Data      Debug   Object Name

        64          4          0          0          0        536   beep.o
       136         10          0          0          0       1678   delay.o
        52          4          0          0          0        537   dht11.o
       508         62          0         24      36864       3903   heap_4.o
       346         68          0          0          0       3132   iic.o
        80         10          0          0          0        535   key.o
        76         14          0          0          0        535   led.o
       148          0          0          0          0       3410   list.o
       530        122          0          4          0     314014   main.o
       140         24          0          0          0       2095   misc.o
      1442         64       8871          0       1152      11586   oled.o
      1612        348          0         12          0       8840   oledmenu.o
       460         58          0          4          0       9480   port.o
        64         16          0          0          0       1906   pwm.o
       190          0          0          0          0       5138   ringbuffer.o
        36          8        392          0       1024        872   startup_stm32f40_41xxx.o
       218          0          0          0          0       3004   stm32f4xx_gpio.o
       328         36          0         16          0       5435   stm32f4xx_rcc.o
       170         28          0          0          0       4387   stm32f4xx_tim.o
       442          8          0          0          0       6633   stm32f4xx_usart.o
       340         32          0          0          0       1821   system_stm32f4xx.o
      1986        320          0         60        740      24141   tasks.o
       212         22          0          1          0       1197   uart.o
       576        138          0          2         32       5198   wifi.o

    ----------------------------------------------------------------------
     10178       1396       9296        124      39812     420013   Object Totals
         0          0         32          0          0          0   (incl. Generated)
        22          0          1          1          0          0   (incl. Padding)

    ----------------------------------------------------------------------

      Code (inc. data)   RO Data    RW Data    ZI Data      Debug   Library Member Name

         0          0          0          0          0          0   entry.o
         0          0          0          0          0          0   entry10a.o
         0          0          0          0          0          0   entry11a.o
         4          0          0          0          0          0   entry12b.o
         8          4          0          0          0          0   entry2.o
         4          0          0          0          0          0   entry5.o
         0          0          0          0          0          0   entry7b.o
         0          0          0          0          0          0   entry8b.o
         8          4          0          0          0          0   entry9a.o
        30          0          0          0          0          0   handlers.o
        36          8          0          0          0         68   init.o
        36          0          0          0          0        108   memseta.o
        14          0          0          0          0         68   strlen.o
        36          0          0          0          0         80   strstr.o

    ----------------------------------------------------------------------
       178         16          0          0          0        324   Library Totals
         2          0          0          0          0          0   (incl. Padding)

    ----------------------------------------------------------------------

      Code (inc. data)   RO Data    RW Data    ZI Data      Debug   Library Name

       176         16          0          0          0        324   mc_w.l

    ----------------------------------------------------------------------
       178         16          0          0          0        324   Library Totals

    ----------------------------------------------------------------------

==============================================================================


      Code (inc. data)   RO Data    RW Data    ZI Data      Debug   

     10356       1412       9296        124      39812     408589   Grand Totals
     10356       1412       9296        124      39812     408589   ELF Image Totals
     10356       1412       9296        124          0          0   ROM Totals

==============================================================================

    Total RO  Size (Code + RO Data)                19652 (  19.19kB)
    Total RW  Size (RW Data + ZI Data)             39936 (  39.00kB)
    Total ROM Size (Code + RO Data + RW Data)      19776 (  19.31kB)

==============================================================================

